
rst:0x1 (POWERON_RESET),boot:0x13 (SPI_FAST_Fï¿½ets Jul 29 2019 12:21:46

rst:0x1 (POWERON_RESET),boot:0x13 (SPI_FAST_FLASH_BOOT)
configsip: 0, SPIWP:0xee
clk_drv:0x00,q_drv:0x00,d_drv:0x00,cs0_drv:0x00,hd_drv:0x00,wp_drv:0x00
mode:DIO, clock div:2
load:0x3fff0030,len:7176
load:0x40078000,len:15564
ho 0 tail 12 room 4
load:0x40080400,len:4
load:0x40080404,len:3904
entry 0x40080640
[0;32mI (31) boot: ESP-IDF v5.3.1-dirty 2nd stage bootloader[0m
[0;32mI (31) boot: compile time Nov 28 2024 18:42:47[0m
[0;32mI (31) boot: Multicore bootloader[0m
[0;32mI (36) boot: chip revision: v3.1[0m
[0;32mI (40) boot.esp32: SPI Speed      : 40MHz[0m
[0;32mI (44) boot.esp32: SPI Mode       : DIO[0m
[0;32mI (49) boot.esp32: SPI Flash Size : 2MB[0m
[0;32mI (53) boot: Enabling RNG early entropy source...[0m
[0;32mI (59) boot: Partition Table:[0m
[0;32mI (62) boot: ## Label            Usage          Type ST Offset   Length[0m
[0;32mI (70) boot:  0 nvs              WiFi data        01 02 00009000 00006000[0m
[0;32mI (77) boot:  1 phy_init         RF data          01 01 0000f000 00001000[0m
[0;32mI (85) boot:  2 factory          factory app      00 00 00010000 00100000[0m
[0;32mI (92) boot: End of partition table[0m
[0;32mI (96) esp_image: segment 0: paddr=00010020 vaddr=3f400020 size=1e700h (124672) map[0m
[0;32mI (148) esp_image: segment 1: paddr=0002e728 vaddr=3ffb0000 size=018f0h (  6384) load[0m
[0;32mI (150) esp_image: segment 2: paddr=00030020 vaddr=400d0020 size=7e2a0h (516768) map[0m
[0;32mI (330) esp_image: segment 3: paddr=000ae2c8 vaddr=3ffb18f0 size=02690h (  9872) load[0m
[0;32mI (334) esp_image: segment 4: paddr=000b0960 vaddr=40080000 size=17220h ( 94752) load[0m
[0;32mI (385) boot: Loaded app from partition at offset 0x10000[0m
[0;32mI (385) boot: Disabling RNG early entropy source...[0m
[0;32mI (397) cpu_start: Multicore app[0m
[0;32mI (405) cpu_start: Pro cpu start user code[0m
[0;32mI (405) cpu_start: cpu freq: 160000000 Hz[0m
[0;32mI (405) app_init: Application information:[0m
[0;32mI (408) app_init: Project name:     AirQuality[0m
[0;32mI (413) app_init: App version:      1[0m
[0;32mI (418) app_init: Compile time:     Nov 28 2024 18:42:33[0m
[0;32mI (424) app_init: ELF file SHA256:  65117bb62...[0m
[0;32mI (429) app_init: ESP-IDF:          v5.3.1-dirty[0m
[0;32mI (434) efuse_init: Min chip rev:     v0.0[0m
[0;32mI (439) efuse_init: Max chip rev:     v3.99 [0m
[0;32mI (444) efuse_init: Chip rev:         v3.1[0m
[0;32mI (449) heap_init: Initializing. RAM available for dynamic allocation:[0m
[0;32mI (456) heap_init: At 3FFAE6E0 len 00001920 (6 KiB): DRAM[0m
[0;32mI (462) heap_init: At 3FFB7E48 len 000281B8 (160 KiB): DRAM[0m
[0;32mI (468) heap_init: At 3FFE0440 len 00003AE0 (14 KiB): D/IRAM[0m
[0;32mI (475) heap_init: At 3FFE4350 len 0001BCB0 (111 KiB): D/IRAM[0m
[0;32mI (481) heap_init: At 40097220 len 00008DE0 (35 KiB): IRAM[0m
[0;32mI (489) spi_flash: detected chip: generic[0m
[0;32mI (492) spi_flash: flash io: dio[0m
[0;33mW (496) spi_flash: Detected size(4096k) larger than the size in the binary image header(2048k). Using the size in the binary image header.[0m
[0;33mW (509) ADC: legacy driver is deprecated, please migrate to `esp_adc/adc_oneshot.h`[0m
[0;32mI (518) main_task: Started on CPU0[0m
[0;32mI (528) main_task: Calling app_main()[0m
[0;32mI (548) Smoke Sensor: ESP_WIFI_MODE_STA[0m
[0;32mI (548) Smoke Sensor: Initializing Wi-Fi in STA mode...[0m
ESP_ERROR_CHECK failed: esp_err_t 0x103 (ESP_ERR_INVALID_STATE) at 0x400de875
file: "/IDF/components/esp_wifi/src/wifi_default.c" line 390
func: esp_netif_create_default_wifi_sta
expression: esp_wifi_set_default_wifi_sta_handlers()

abort() was called at PC 0x400894bb on core 0


Backtrace: 0x40081a42:0x3ffb9e50 0x400894c5:0x3ffb9e70 0x40090ffd:0x3ffb9e90 0x400894bb:0x3ffb9f00 0x400de875:0x3ffb9f30 0x400d69f5:0x3ffb9f60 0x400d6ca4:0x3ffba120 0x4014c2b7:0x3ffba140 0x40089fd1:0x3ffba170




ELF file SHA256: 65117bb62

Rebooting...
ets Jul 29 2019 12:21:46

rst:0xc (SW_CPU_RESET),boot:0x13 (SPI_FAST_FLASH_BOOT)
configsip: 0, SPIWP:0xee
clk_drv:0x00,q_drv:0x00,d_drv:0x00,cs0_drv:0x00,hd_drv:0x00,wp_drv:0x00
mode:DIO, clock div:2
load:0x3fff0030,len:7176
load:0x40078000,len:15564
ho 0 tail 12 room 4
load:0x40080400,len:4
load:0x40080404,len:3904
entry 0x40080640
[0;32mI (31) boot: ESP-IDF v5.3.1-dirty 2nd stage bootloader[0m
[0;32mI (31) boot: compile time Nov 28 2024 18:42:47[0m
[0;32mI (31) boot: Multicore bootloader[0m
[0;32mI (36) boot: chip revision: v3.1[0m
[0;32mI (40) boot.esp32: SPI Speed      : 40MHz[0m
[0;32mI (44) boot.esp32: SPI Mode       : DIO[0m
[0;32mI (49) boot.esp32: SPI Flash Size : 2MB[0m
[0;32mI (53) boot: Enabling RNG early entropy source...[0m
[0;32mI (59) boot: Partition Table:[0m
[0;32mI (62) boot: ## Label            Usage          Type ST Offset   Length[0m
[0;32mI (70) boot:  0 nvs              WiFi data        01 02 00009000 00006000[0m
[0;32mI (77) boot:  1 phy_init         RF data          01 01 0000f000 00001000[0m
[0;32mI (85) boot:  2 factory          factory app      00 00 00010000 00100000[0m
[0;32mI (92) boot: End of partition table[0m
[0;32mI (96) esp_image: segment 0: paddr=00010020 vaddr=3f400020 size=1e700h (124672) map[0m
[0;32mI (147) esp_image: segment 1: paddr=0002e728 vaddr=3ffb0000 size=018f0h (  6384) load[0m
[0;32mI (150) esp_image: segment 2: paddr=00030020 vaddr=400d0020 size=7e2a0h (516768) map[0m
[0;32mI (330) esp_image: segment 3: paddr=000ae2c8 vaddr=3ffb18f0 size=02690h (  9872) load[0m
[0;32mI (334) esp_image: segment 4: paddr=000b0960 vaddr=40080000 size=17220h ( 94752) load[0m
[0;32mI (385) boot: Loaded app from partition at offset 0x10000[0m
[0;32mI (385) boot: Disabling RNG early entropy source...[0m
[0;32mI (397) cpu_start: Multicore app[0m
[0;32mI (405) cpu_start: Pro cpu start user code[0m
[0;32mI (405) cpu_start: cpu freq: 160000000 Hz[0m
[0;32mI (405) app_init: Application information:[0m
[0;32mI (408) app_init: Project name:     AirQuality[0m
[0;32mI (413) app_init: App version:      1[0m
[0;32mI (418) app_init: Compile time:     Nov 28 2024 18:42:33[0m
[0;32mI (424) app_init: ELF file SHA256:  65117bb62...[0m
[0;32mI (429) app_init: ESP-IDF:          v5.3.1-dirty[0m
[0;32mI (434) efuse_init: Min chip rev:     v0.0[0m
[0;32mI (439) efuse_init: Max chip rev:     v3.99 [0m
[0;32mI (444) efuse_init: Chip rev:         v3.1[0m
[0;32mI (449) heap_init: Initializing. RAM available for dynamic allocation:[0m
[0;32mI (456) heap_init: At 3FFAE6E0 len 00001920 (6 KiB): DRAM[0m
[0;32mI (462) heap_init: At 3FFB7E48 len 000281B8 (160 KiB): DRAM[0m
[0;32mI (468) heap_init: At 3FFE0440 len 00003AE0 (14 KiB): D/IRAM[0m
[0;32mI (475) heap_init: At 3FFE4350 len 0001BCB0 (111 KiB): D/IRAM[0m
[0;32mI (481) heap_init: At 40097220 len 00008DE0 (35 KiB): IRAM[0m
[0;32mI (489) spi_flash: detected chip: generic[0m
[0;32mI (492) spi_flash: flash io: dio[0m
[0;33mW (496) spi_flash: Detected size(4096k) larger than the size in the binary image header(2048k). Using the size in the binary image header.[0m
[0;33mW (509) ADC: legacy driver is deprecated, please migrate to `esp_adc/adc_oneshot.h`[0m
[0;32mI (518) main_task: Started on CPU0[0m
[0;32mI (528) main_task: Calling app_main()[0m
[0;32mI (548) Smoke Sensor: ESP_WIFI_MODE_STA[0m
[0;32mI (548) Smoke Sensor: Initializing Wi-Fi in STA mode...[0m
ESP_ERROR_CHECK failed: esp_err_t 0x103 (ESP_ERR_INVALID_STATE) at 0x400de875
file: "/IDF/components/esp_wifi/src/wifi_default.c" line 390
func: esp_netif_create_default_wifi_sta
expression: esp_wifi_set_default_wifi_sta_handlers()

abort() was called at PC 0x400894bb on core 0


Backtrace: 0x40081a42:0x3ffb9e50 0x400894c5:0x3ffb9e70 0x40090ffd:0x3ffb9e90 0x400894bb:0x3ffb9f00 0x400de875:0x3ffb9f30 0x400d69f5:0x3ffb9f60 0x400d6ca4:0x3ffba120 0x4014c2b7:0x3ffba140 0x40089fd1:0x3ffba170




ELF file SHA256: 65117bb62

Rebooting...
ets Jul 29 2019 12:21:46

rst:0xc (SW_CPU_RESET),boot:0x13 (SPI_FAST_FLASH_BOOT)
configsip: 0, SPIWP:0xee
clk_drv:0x00,q_drv:0x00,d_drv:0x00,cs0_drv:0x00,hd_drv:0x00,wp_drv:0x00
mode:DIO, clock div:2
load:0x3fff0030,len:7176
load:0x40078000,len:15564
ho 0 tail 12 room 4
load:0x40080400,len:4
load:0x40080404,len:3904
entry 0x40080640
[0;32mI (31) boot: ESP-IDF v5.3.1-dirty 2nd stage bootloader[0m
[0;32mI (31) boot: compile time Nov 28 2024 18:42:47[0m
[0;32mI (31) boot: Multicore bootloader[0m
[0;32mI (36) boot: chip revision: v3.1[0m
[0;32mI (40) boot.esp32: SPI Speed      : 40MHz[0m
[0;32mI (44) boot.esp32: SPI Mode       : DIO[0m
[0;32mI (49) boot.esp32: SPI Flash Size : 2MB[0m
[0;32mI (53) boot: Enabling RNG early entropy source...[0m
[0;32mI (59) boot: Partition Table:[0m
[0;32mI (62) boot: ## Label            Usage          Type ST Offset   Length[0m
[0;32mI (70) boot:  0 nvs              WiFi data        01 02 00009000 00006000[0m
[0;32mI (77) boot:  1 phy_init         RF data          01 01 0000f000 00001000[0m
[0;32mI (85) boot:  2 factory          factory app      00 00 00010000 00100000[0m
[0;32mI (92) boot: End of partition table[0m
[0;32mI (96) esp_image: segment 0: paddr=00010020 vaddr=3f400020 size=1e700h (124672) map[0m
[0;32mI (147) esp_image: segment 1: paddr=0002e728 vaddr=3ffb0000 size=018f0h (  6384) load[0m
[0;32mI (150) esp_image: segment 2: paddr=00030020 vaddr=400d0020 size=7e2a0h (516768) map[0m
[0;32mI (330) esp_image: segment 3: paddr=000ae2c8 vaddr=3ffb18f0 size=02690h (  9872) load[0m
[0;32mI (334) esp_image: segment 4: paddr=000b0960 vaddr=40080000 size=17220h ( 94752) load[0m
[0;32mI (385) boot: Loaded app from partition at offset 0x10000[0m
[0;32mI (385) boot: Disabling RNG early entropy source...[0m
[0;32mI (397) cpu_start: Multicore app[0m
[0;32mI (405) cpu_start: Pro cpu start user code[0m
[0;32mI (405) cpu_start: cpu freq: 160000000 Hz[0m
[0;32mI (405) app_init: Application information:[0m
[0;32mI (408) app_init: Project name:     AirQuality[0m
[0;32mI (413) app_init: App version:      1[0m
[0;32mI (418) app_init: Compile time:     Nov 28 2024 18:42:33[0m
[0;32mI (424) app_init: ELF file SHA256:  65117bb62...[0m
[0;32mI (429) app_init: ESP-IDF:          v5.3.1-dirty[0m
[0;32mI (434) efuse_init: Min chip rev:     v0.0[0m
[0;32mI (439) efuse_init: Max chip rev:     v3.99 [0m
[0;32mI (444) efuse_init: Chip rev:         v3.1[0m
[0;32mI (449) heap_init: Initializing. RAM available for dynamic allocation:[0m
[0;32mI (456) heap_init: At 3FFAE6E0 len 00001920 (6 KiB): DRAM[0m
[0;32mI (462) heap_init: At 3FFB7E48 len 000281B8 (160 KiB): DRAM[0m
[0;32mI (468) heap_init: At 3FFE0440 len 00003AE0 (14 KiB): D/IRAM[0m
[0;32mI (475) heap_init: At 3FFE4350 len 0001BCB0 (111 KiB): D/IRAM[0m
[0;32mI (481) heap_init: At 40097220 len 00008DE0 (35 KiB): IRAM[0m
[0;32mI (489) spi_flash: detected chip: generic[0m
[0;32mI (492) spi_flash: flash io: dio[0m
[0;33mW (496) spi_flash: Detected size(4096k) larger than the size in the binary image header(2048k). Using the size in the binary image header.[0m
[0;33mW (509) ADC: legacy driver is deprecated, please migrate to `esp_adc/adc_oneshot.h`[0m
[0;32mI (518) main_task: Started on CPU0[0m
[0;32mI (528) main_task: Calling app_main()[0m
[0;32mI (548) Smoke Sensor: ESP_WIFI_MODE_STA[0m
[0;32mI (548) Smoke Sensor: Initializing Wi-Fi in STA mode...[0m
ESP_ERROR_CHECK failed: esp_err_t 0x103 (ESP_ERR_INVALID_STATE) at 0x400de875
file: "/IDF/components/esp_wifi/src/wifi_default.c" line 390
func: esp_netif_create_default_wifi_sta
expression: esp_wifi_set_default_wifi_sta_handlers()

abort() was called at PC 0x400894bb on core 0


Backtrace: 0x40081a42:0x3ffb9e50 0x400894c5:0x3ffb9e70 0x40090ffd:0x3ffb9e90 0x400894bb:0x3ffb9f00 0x400de875:0x3ffb9f30 0x400d69f5:0x3ffb9f60 0x400d6ca4:0x3ffba120 0x4014c2b7:0x3ffba140 0x40089fd1:0x3ffba170




ELF file SHA256: 65117bb62

Rebooting...
ets Jul 29 2019 12:21:46

rst:0xc (SW_CPU_RESET),boot:0x13 (SPI_FAST_FLASH_BOOT)
configsip: 0, SPIWP:0xee
clk_drv:0x00,q_drv:0x00,d_drv:0x00,cs0_drv:0x00,hd_drv:0x00,wp_drv:0x00
mode:DIO, clock div:2
load:0x3fff0030,len:7176
load:0x40078000,len:15564
ho 0 tail 12 room 4
load:0x40080400,len:4
load:0x40080404,len:3904
entry 0x40080640
[0;32mI (31) boot: ESP-IDF v5.3.1-dirty 2nd stage bootloader[0m
[0;32mI (31) boot: compile time Nov 28 2024 18:42:47[0m
[0;32mI (31) boot: Multicore bootloader[0m
[0;32mI (36) boot: chip revision: v3.1[0m
[0;32mI (40) boot.esp32: SPI Speed      : 40MHz[0m
[0;32mI (44) boot.esp32: SPI Mode       : DIO[0m
[0;32mI (49) boot.esp32: SPI Flash Size : 2MB[0m
[0;32mI (53) boot: Enabling RNG early entropy source...[0m
[0;32mI (59) boot: Partition Table:[0m
[0;32mI (62) boot: ## Label            Usage          Type ST Offset   Length[0m
[0;32mI (70) boot:  0 nvs              WiFi data        01 02 00009000 00006000[0m
[0;32mI (77) boot:  1 phy_init         RF data          01 01 0000f000 00001000[0m
[0;32mI (85) boot:  2 factory          factory app      00 00 00010000 00100000[0m
[0;32mI (92) boot: End of partition table[0m
[0;32mI (96) esp_image: segment 0: paddr=00010020 vaddr=3f400020 size=1e700h (124672) map[0m
[0;32mI (147) esp_image: segment 1: paddr=0002e728 vaddr=3ffb0000 size=018f0h (  6384) load[0m
[0;32mI (150) esp_image: segment 2: paddr=00030020 vaddr=400d0020 size=7e2a0h (516768) map[0m
[0;32mI (330) esp_image: segment 3: paddr=000ae2c8 vaddr=3ffb18f0 size=02690h (  9872) load[0m
[0;32mI (334) esp_image: segment 4: paddr=000b0960 vaddr=40080000 size=17220h ( 94752) load[0m
[0;32mI (385) boot: Loaded app from partition at offset 0x10000[0m
[0;32mI (385) boot: Disabling RNG early entropy source...[0m
[0;32mI (397) cpu_start: Multicore app[0m
[0;32mI (405) cpu_start: Pro cpu start user code[0m
[0;32mI (405) cpu_start: cpu freq: 160000000 Hz[0m
[0;32mI (405) app_init: Application information:[0m
[0;32mI (408) app_init: Project name:     AirQuality[0m
[0;32mI (413) app_init: App version:      1[0m
[0;32mI (418) app_init: Compile time:     Nov 28 2024 18:42:33[0m
[0;32mI (424) app_init: ELF file SHA256:  65117bb62...[0m
[0;32mI (429) app_init: ESP-IDF:          v5.3.1-dirty[0m
[0;32mI (434) efuse_init: Min chip rev:     v0.0[0m
[0;32mI (439) efuse_init: Max chip rev:     v3.99 [0m
[0;32mI (444) efuse_init: Chip rev:         v3.1[0m
[0;32mI (449) heap_init: Initializing. RAM available for dynamic allocation:[0m
[0;32mI (456) heap_init: At 3FFAE6E0 len 00001920 (6 KiB): DRAM[0m
[0;32mI (462) heap_init: At 3FFB7E48 len 000281B8 (160 KiB): DRAM[0m
[0;32mI (468) heap_init: At 3FFE0440 len 00003AE0 (14 KiB): D/IRAM[0m
[0;32mI (475) heap_init: At 3FFE4350 len 0001BCB0 (111 KiB): D/IRAM[0m
[0;32mI (481) heap_init: At 40097220 len 00008DE0 (35 KiB): IRAM[0m
[0;32mI (489) spi_flash: detected chip: generic[0m
[0;32mI (492) spi_flash: flash io: dio[0m
[0;33mW (496) spi_flash: Detected size(4096k) larger than the size in the binary image header(2048k). Using the size in the binary image header.[0m
[0;33mW (509) ADC: legacy driver is deprecated, please migrate to `esp_adc/adc_oneshot.h`[0m
[0;32mI (518) main_task: Started on CPU0[0m
[0;32mI (528) main_task: Calling app_main()[0m
[0;32mI (548) Smoke Sensor: ESP_WIFI_MODE_STA[0m
[0;32mI (548) Smoke Sensor: Initializing Wi-Fi in STA mode...[0m
ESP_ERROR_CHECK failed: esp_err_t 0x103 (ESP_ERR_INVALID_STATE) at 0x400de875
file: "/IDF/components/esp_wifi/src/wifi_default.c" line 390
func: esp_netif_create_default_wifi_sta
expression: esp_wifi_set_default_wifi_sta_handlers()

abort() was called at PC 0x400894bb on core 0


Backtrace: 0x40081a42:0x3ffb9e50 0x400894c5:0x3ffb9e70 0x40090ffd:0x3ffb9e90 0x400894bb:0x3ffb9f00 0x400de875:0x3ffb9f30 0x400d69f5:0x3ffb9f60 0x400d6ca4:0x3ffba120 0x4014c2b7:0x3ffba140 0x40089fd1:0x3ffba170




ELF file SHA256: 65117bb62

Rebooting...
ets Jul 29 2019 12:21:46

rst:0xc (SW_CPU_RESET),boot:0x13 (SPI_FAST_FLASH_BOOT)
configsip: 0, SPIWP:0xee
clk_drv:0x00,q_drv:0x00,d_drv:0x00,cs0_drv:0x00,hd_drv:0x00,wp_drv:0x00
mode:DIO, clock div:2
load:0x3fff0030,len:7176
load:0x40078000,len:15564
ho 0 tail 12 room 4
load:0x40080400,len:4
load:0x40080404,len:3904
entry 0x40080640
[0;32mI (31) boot: ESP-IDF v5.3.1-dirty 2nd stage bootloader[0m
[0;32mI (31) boot: compile time Nov 28 2024 18:42:47[0m
[0;32mI (31) boot: Multicore bootloader[0m
[0;32mI (36) boot: chip revision: v3.1[0m
[0;32mI (40) boot.esp32: SPI Speed      : 40MHz[0m
[0;32mI (44) boot.esp32: SPI Mode       : DIO[0m
[0;32mI (49) boot.esp32: SPI Flash Size : 2MB[0m
[0;32mI (53) boot: Enabling RNG early entropy source...[0m
[0;32mI (59) boot: Partition Table:[0m
[0;32mI (62) boot: ## Label            Usage          Type ST Offset   Length[0m
[0;32mI (70) boot:  0 nvs              WiFi data        01 02 00009000 00006000[0m
[0;32mI (77) boot:  1 phy_init         RF data          01 01 0000f000 00001000[0m
[0;32mI (85) boot:  2 factory          factory app      00 00 00010000 00100000[0m
[0;32mI (92) boot: End of partition table[0m
[0;32mI (96) esp_image: segment 0: paddr=00010020 vaddr=3f400020 size=1e700h (124672) map[0m
[0;32mI (147) esp_image: segment 1: paddr=0002e728 vaddr=3ffb0000 size=018f0h (  6384) load[0m
[0;32mI (150) esp_image: segment 2: paddr=00030020 vaddr=400d0020 size=7e2a0h (516768) map[0m
[0;32mI (330) esp_image: segment 3: paddr=000ae2c8 vaddr=3ffb18f0 size=02690h (  9872) load[0m
[0;32mI (334) esp_image: segment 4: paddr=000b0960 vaddr=40080000 size=17220h ( 94752) load[0m
[0;32mI (385) boot: Loaded app from partition at offset 0x10000[0m
[0;32mI (385) boot: Disabling RNG early entropy source...[0m
[0;32mI (397) cpu_start: Multicore app[0m
[0;32mI (405) cpu_start: Pro cpu start user code[0m
[0;32mI (405) cpu_start: cpu freq: 160000000 Hz[0m
[0;32mI (405) app_init: Application information:[0m
[0;32mI (408) app_init: Project name:     AirQuality[0m
[0;32mI (413) app_init: App version:      1[0m
[0;32mI (418) app_init: Compile time:     Nov 28 2024 18:42:33[0m
[0;32mI (424) app_init: ELF file SHA256:  65117bb62...[0m
[0;32mI (429) app_init: ESP-IDF:          v5.3.1-dirty[0m
[0;32mI (434) efuse_init: Min chip rev:     v0.0[0m
[0;32mI (439) efuse_init: Max chip rev:     v3.99 [0m
[0;32mI (444) efuse_init: Chip rev:         v3.1[0m
[0;32mI (449) heap_init: Initializing. RAM available for dynamic allocation:[0m
[0;32mI (456) heap_init: At 3FFAE6E0 len 00001920 (6 KiB): DRAM[0m
[0;32mI (462) heap_init: At 3FFB7E48 len 000281B8 (160 KiB): DRAM[0m
[0;32mI (468) heap_init: At 3FFE0440 len 00003AE0 (14 KiB): D/IRAM[0m
[0;32mI (475) heap_init: At 3FFE4350 len 0001BCB0 (111 KiB): D/IRAM[0m
[0;32mI (481) heap_init: At 40097220 len 00008DE0 (35 KiB): IRAM[0m
[0;32mI (489) spi_flash: detected chip: generic[0m
[0;32mI (492) spi_flash: flash io: dio[0m
[0;33mW (496) spi_flash: Detected size(4096k) larger than the size in the binary image header(2048k). Using the size in the binary image header.[0m
[0;33mW (509) ADC: legacy driver is deprecated, please migrate to `esp_adc/adc_oneshot.h`[0m
[0;32mI (518) main_task: Started on CPU0[0m
[0;32mI (528) main_task: Calling app_main()[0m
[0;32mI (548) Smoke Sensor: ESP_WIFI_MODE_STA[0m
[0;32mI (548) Smoke Sensor: Initializing Wi-Fi in STA mode...[0m
ESP_ERROR_CHECK failed: esp_err_t 0x103 (ESP_ERR_INVALID_STATE) at 0x400de875
file: "/IDF/components/esp_wifi/src/wifi_default.c" line 390
func: esp_netif_create_default_wifi_sta
expression: esp_wifi_set_default_wifi_sta_handlers()

abort() was called at PC 0x400894bb on core 0


Backtrace: 0x40081a42:0x3ffb9e50 0x400894c5:0x3ffb9e70 0x40090ffd:0x3ffb9e90 0x400894bb:0x3ffb9f00 0x400de875:0x3ffb9f30 0x400d69f5:0x3ffb9f60 0x400d6ca4:0x3ffba120 0x4014c2b7:0x3ffba140 0x40089fd1:0x3ffba170




ELF file SHA256: 65117bb62

Rebooting...
ets Jul 29 2019 12:21:46

rst:0xc (SW_CPU_RESET),boot:0x13 (SPI_FAST_FLASH_BOOT)
configsip: 0, SPIWP:0xee
clk_drv:0x00,q_drv:0x00,d_drv:0x00,cs0_drv:0x00,hd_drv:0x00,wp_drv:0x00
mode:DIO, clock div:2
load:0x3fff0030,len:7176
load:0x40078000,len:15564
ho 0 tail 12 room 4
load:0x40080400,len:4
load:0x40080404,len:3904
entry 0x40080640
[0;32mI (31) boot: ESP-IDF v5.3.1-dirty 2nd stage bootloader[0m
[0;32mI (31) boot: compile time Nov 28 2024 18:42:47[0m
[0;32mI (31) boot: Multicore bootloader[0m
[0;32mI (36) boot: chip revision: v3.1[0m
[0;32mI (40) boot.esp32: SPI Speed      : 40MHz[0m
[0;32mI (44) boot.esp32: SPI Mode       : DIO[0m
[0;32mI (49) boot.esp32: SPI Flash Size : 2MB[0m
[0;32mI (53) boot: Enabling RNG early entropy source...[0m
[0;32mI (59) boot: Partition Table:[0m
[0;32mI (62) boot: ## Label            Usage          Type ST Offset   Length[0m
[0;32mI (70) boot:  0 nvs              WiFi data        01 02 00009000 00006000[0m
[0;32mI (77) boot:  1 phy_init         RF data          01 01 0000f000 00001000[0m
[0;32mI (85) boot:  2 factory          factory app      00 00 00010000 00100000[0m
[0;32mI (92) boot: End of partition table[0m
[0;32mI (96) esp_image: segment 0: paddr=00010020 vaddr=3f400020 size=1e700h (124672) map[0m
[0;32mI (147) esp_image: segment 1: paddr=0002e728 vaddr=3ffb0000 size=018f0h (  6384) load[0m
[0;32mI (150) esp_image: segment 2: paddr=00030020 vaddr=400d0020 size=7e2a0h (516768) map[0m
[0;32mI (330) esp_image: segment 3: paddr=000ae2c8 vaddr=3ffb18f0 size=02690h (  9872) load[0m
[0;32mI (334) esp_image: segment 4: paddr=000b0960 vaddr=40080000 size=17220h ( 94752) load[0m
[0;32mI (385) boot: Loaded app from partition at offset 0x10000[0m
[0;32mI (385) boot: Disabling RNG early entropy source...[0m
[0;32mI (397) cpu_start: Multicore app[0m
[0;32mI (405) cpu_start: Pro cpu start user code[0m
[0;32mI (405) cpu_start: cpu freq: 160000000 Hz[0m
[0;32mI (405) app_init: Application information:[0m
[0;32mI (408) app_init: Project name:     AirQuality[0m
[0;32mI (413) app_init: App version:      1[0m
[0;32mI (418) app_init: Compile time:     Nov 28 2024 18:42:33[0m
[0;32mI (424) app_init: ELF file SHA256:  65117bb62...[0m
[0;32mI (429) app_init: ESP-IDF:          v5.3.1-dirty[0m
[0;32mI (434) efuse_init: Min chip rev:     v0.0[0m
[0;32mI (439) efuse_init: Max chip rev:     v3.99 [0m
[0;32mI (444) efuse_init: Chip rev:         v3.1[0m
[0;32mI (449) heap_init: Initializing. RAM available for dynamic allocation:[0m
[0;32mI (456) heap_init: At 3FFAE6E0 len 00001920 (6 KiB): DRAM[0m
[0;32mI (462) heap_init: At 3FFB7E48 len 000281B8 (160 KiB): DRAM[0m
[0;32mI (468) heap_init: At 3FFE0440 len 00003AE0 (14 KiB): D/IRAM[0m
[0;32mI (475) heap_init: At 3FFE4350 len 0001BCB0 (111 KiB): D/IRAM[0m
[0;32mI (481) heap_init: At 40097220 len 00008DE0 (35 KiB): IRAM[0m
[0;32mI (489) spi_flash: detected chip: generic[0m
[0;32mI (492) spi_flash: flash io: dio[0m
[0;33mW (496) spi_flash: Detected size(4096k) larger than the size in the binary image header(2048k). Using the size in the binary image header.[0m
[0;33mW (509) ADC: legacy driver is deprecated, please migrate to `esp_adc/adc_oneshot.h`[0m
[0;32mI (518) main_task: Started on CPU0[0m
[0;32mI (528) main_task: Calling app_main()[0m
[0;32mI (548) Smoke Sensor: ESP_WIFI_MODE_STA[0m
[0;32mI (548) Smoke Sensor: Initializing Wi-Fi in STA mode...[0m
ESP_ERROR_CHECK failed: esp_err_t 0x103 (ESP_ERR_INVALID_STATE) at 0x400de875
file: "/IDF/components/esp_wifi/src/wifi_default.c" line 390
func: esp_netif_create_default_wifi_sta
expression: esp_wifi_set_default_wifi_sta_handlers()

abort() was called at PC 0x400894bb on core 0


Backtrace: 0x40081a42:0x3ffb9e50 0x400894c5:0x3ffb9e70 0x40090ffd:0x3ffb9e90 0x400894bb:0x3ffb9f00 0x400de875:0x3ffb9f30 0x400d69f5:0x3ffb9f60 0x400d6ca4:0x3ffba120 0x4014c2b7:0x3ffba140 0x40089fd1:0x3ffba170




ELF file SHA256: 65117bb62

Rebooting...
ets Jul 29 2019 12:21:46

rst:0xc (SW_CPU_RESET),boot:0x13 (SPI_FAST_FLASH_BOOT)
configsip: 0, SPIWP:0xee
clk_drv:0x00,q_drv:0x00,d_drv:0x00,cs0_drv:0x00,hd_drv:0x00,wp_drv:0x00
mode:DIO, clock div:2
load:0x3fff0030,len:7176
load:0x40078000,len:15564
ho 0 tail 12 room 4
load:0x40080400,len:4
load:0x40080404,len:3904
entry 0x40080640
[0;32mI (31) boot: ESP-IDF v5.3.1-dirty 2nd stage bootloader[0m
[0;32mI (31) boot: compile time Nov 28 2024 18:42:47[0m
[0;32mI (31) boot: Multicore bootloader[0m
[0;32mI (36) boot: chip revision: v3.1[0m
[0;32mI (40) boot.esp32: SPI Speed      : 40MHz[0m
[0;32mI (44) boot.esp32: SPI Mode       : DIO[0m
[0;32mI (49) boot.esp32: SPI Flash Size : 2MB[0m
[0;32mI (53) boot: Enabling RNG early entropy source...[0m
[0;32mI (59) boot: Partition Table:[0m
[0;32mI (62) boot: ## Label            Usage          Type ST Offset   Length[0m
[0;32mI (70) boot:  0 nvs              WiFi data        01 02 00009000 00006000[0m
[0;32mI (77) boot:  1 phy_init         RF data          01 01 0000f000 00001000[0m
[0;32mI (85) boot:  2 factory          factory app      00 00 00010000 00100000[0m
[0;32mI (92) boot: End of partition table[0m
[0;32mI (96) esp_image: segment 0: paddr=00010020 vaddr=3f400020 size=1e700h (124672) map[0m
[0;32mI (147) esp_image: segment 1: paddr=0002e728 vaddr=3ffb0000 size=018f0h (  6384) load[0m
[0;32mI (150) esp_image: segment 2: paddr=00030020 vaddr=400d0020 size=7e2a0h (516768) map[0m
[0;32mI (330) esp_image: segment 3: paddr=000ae2c8 vaddr=3ffb18f0 size=02690h (  9872) load[0m
[0;32mI (334) esp_image: segment 4: paddr=000b0960 vaddr=40080000 size=17220h ( 94752) load[0m
[0;32mI (385) boot: Loaded app from partition at offset 0x10000[0m
[0;32mI (385) boot: Disabling RNG early entropy source...[0m
[0;32mI (397) cpu_start: Multicore app[0m
[0;32mI (405) cpu_start: Pro cpu start user code[0m
[0;32mI (405) cpu_start: cpu freq: 160000000 Hz[0m
[0;32mI (405) app_init: Application information:[0m
[0;32mI (408) app_init: Project name:     AirQuality[0m
[0;32mI (413) app_init: App version:      1[0m
[0;32mI (418) app_init: Compile time:     Nov 28 2024 18:42:33[0m
[0;32mI (424) app_init: ELF file SHA256:  65117bb62...[0m
[0;32mI (429) app_init: ESP-IDF:          v5.3.1-dirty[0m
[0;32mI (434) efuse_init: Min chip rev:     v0.0[0m
[0;32mI (439) efuse_init: Max chip rev:     v3.99 [0m
[0;32mI (444) efuse_init: Chip rev:         v3.1[0m
[0;32mI (449) heap_init: Initializing. RAM available for dynamic allocation:[0m
[0;32mI (456) heap_init: At 3FFAE6E0 len 00001920 (6 KiB): DRAM[0m
[0;32mI (462) heap_init: At 3FFB7E48 len 000281B8 (160 KiB): DRAM[0m
[0;32mI (468) heap_init: At 3FFE0440 len 00003AE0 (14 KiB): D/IRAM[0m
[0;32mI (475) heap_init: At 3FFE4350 len 0001BCB0 (111 KiB): D/IRAM[0m
[0;32mI (481) heap_init: At 40097220 len 00008DE0 (35 KiB): IRAM[0m
[0;32mI (489) spi_flash: detected chip: generic[0m
[0;32mI (492) spi_flash: flash io: dio[0m
[0;33mW (496) spi_flash: Detected size(4096k) larger than the size in the binary image header(2048k). Using the size in the binary image header.[0m
[0;33mW (509) ADC: legacy driver is deprecated, please migrate to `esp_adc/adc_oneshot.h`[0m
[0;32mI (518) main_task: Started on CPU0[0m
[0;32mI (528) main_task: Calling app_main()[0m
[0;32mI (548) Smoke Sensor: ESP_WIFI_MODE_STA[0m
[0;32mI (548) Smoke Sensor: Initializing Wi-Fi in STA mode...[0m
ESP_ERROR_CHECK failed: esp_err_t 0x103 (ESP_ERR_INVALID_STATE) at 0x400de875
file: "/IDF/components/esp_wifi/src/wifi_default.c" line 390
func: esp_netif_create_default_wifi_sta
expression: esp_wifi_set_default_wifi_sta_handlers()

abort() was called at PC 0x400894bb on core 0


Backtrace: 0x40081a42:0x3ffb9e50 0x400894c5:0x3ffb9e70 0x40090ffd:0x3ffb9e90 0x400894bb:0x3ffb9f00 0x400de875:0x3ffb9f30 0x400d69f5:0x3ffb9f60 0x400d6ca4:0x3ffba120 0x4014c2b7:0x3ffba140 0x40089fd1:0x3ffba170




ELF file SHA256: 65117bb62

Rebooting...
ets Jul 29 2019 12:21:46

rst:0xc (SW_CPU_RESET),boot:0x13 (SPI_FAST_FLASH_BOOT)
configsip: 0, SPIWP:0xee
clk_drv:0x00,q_drv:0x00,d_drv:0x00,cs0_drv:0x00,hd_drv:0x00,wp_drv:0x00
mode:DIO, clock div:2
load:0x3fff0030,len:7176
load:0x40078000,len:15564
ho 0 tail 12 room 4
load:0x40080400,len:4
load:0x40080404,len:3904
entry 0x40080640
[0;32mI (31) boot: ESP-IDF v5.3.1-dirty 2nd stage bootloader[0m
[0;32mI (31) boot: compile time Nov 28 2024 18:42:47[0m
[0;32mI (31) boot: Multicore bootloader[0m
[0;32mI (36) boot: chip revision: v3.1[0m
[0;32mI (40) boot.esp32: SPI Speed      : 40MHz[0m
[0;32mI (44) boot.esp32: SPI Mode       : DIO[0m
[0;32mI (49) boot.esp32: SPI Flash Size : 2MB[0m
[0;32mI (53) boot: Enabling RNG early entropy source...[0m
[0;32mI (59) boot: Partition Table:[0m
[0;32mI (62) boot: ## Label            Usage          Type ST Offset   Length[0m
[0;32mI (70) boot:  0 nvs              WiFi data        01 02 00009000 00006000[0m
[0;32mI (77) boot:  1 phy_init         RF data          01 01 0000f000 00001000[0m
[0;32mI (85) boot:  2 factory          factory app      00 00 00010000 00100000[0m
[0;32mI (92) boot: End of partition table[0m
[0;32mI (96) esp_image: segment 0: paddr=00010020 vaddr=3f400020 size=1e700h (124672) map[0m
[0;32mI (147) esp_image: segment 1: paddr=0002e728 vaddr=3ffb0000 size=018f0h (  6384) load[0m
[0;32mI (150) esp_image: segment 2: paddr=00030020 vaddr=400d0020 size=7e2a0h (516768) map[0m
[0;32mI (330) esp_image: segment 3: paddr=000ae2c8 vaddr=3ffb18f0 size=02690h (  9872) load[0m
[0;32mI (334) esp_image: segment 4: paddr=000b0960 vaddr=40080000 size=17220h ( 94752) load[0m
[0;32mI (385) boot: Loaded app from partition at offset 0x10000[0m
[0;32mI (385) boot: Disabling RNG early entropy source...[0m
[0;32mI (397) cpu_start: Multicore app[0m
[0;32mI (405) cpu_start: Pro cpu start user code[0m
[0;32mI (405) cpu_start: cpu freq: 160000000 Hz[0m
[0;32mI (405) app_init: Application information:[0m
[0;32mI (408) app_init: Project name:     AirQuality[0m
[0;32mI (413) app_init: App version:      1[0m
[0;32mI (418) app_init: Compile time:     Nov 28 2024 18:42:33[0m
[0;32mI (424) app_init: ELF file SHA256:  65117bb62...[0m
[0;32mI (429) app_init: ESP-IDF:          v5.3.1-dirty[0m
[0;32mI (434) efuse_init: Min chip rev:     v0.0[0m
[0;32mI (439) efuse_init: Max chip rev:     v3.99 [0m
[0;32mI (444) efuse_init: Chip rev:         v3.1[0m
[0;32mI (449) heap_init: Initializing. RAM available for dynamic allocation:[0m
[0;32mI (456) heap_init: At 3FFAE6E0 len 00001920 (6 KiB): DRAM[0m
[0;32mI (462) heap_init: At 3FFB7E48 len 000281B8 (160 KiB): DRAM[0m
[0;32mI (468) heap_init: At 3FFE0440 len 00003AE0 (14 KiB): D/IRAM[0m
[0;32mI (475) heap_init: At 3FFE4350 len 0001BCB0 (111 KiB): D/IRAM[0m
[0;32mI (481) heap_init: At 40097220 len 00008DE0 (35 KiB): IRAM[0m
[0;32mI (489) spi_flash: detected chip: generic[0m
[0;32mI (492) spi_flash: flash io: dio[0m
[0;33mW (496) spi_flash: Detected size(4096k) larger than the size in the binary image header(2048k). Using the size in the binary image header.[0m
[0;33mW (509) ADC: legacy driver is deprecated, please migrate to `esp_adc/adc_oneshot.h`[0m
[0;32mI (518) main_task: Started on CPU0[0m
[0;32mI (528) main_task: Calling app_main()[0m
[0;32mI (548) Smoke Sensor: ESP_WIFI_MODE_STA[0m
[0;32mI (548) Smoke Sensor: Initializing Wi-Fi in STA mode...[0m
ESP_ERROR_CHECK failed: esp_err_t 0x103 (ESP_ERR_INVALID_STATE) at 0x400de875
file: "/IDF/components/esp_wifi/src/wifi_default.c" line 390
func: esp_netif_create_default_wifi_sta
expression: esp_wifi_set_default_wifi_sta_handlers()

abort() was called at PC 0x400894bb on core 0


Backtrace: 0x40081a42:0x3ffb9e50 0x400894c5:0x3ffb9e70 0x40090ffd:0x3ffb9e90 0x400894bb:0x3ffb9f00 0x400de875:0x3ffb9f30 0x400d69f5:0x3ffb9f60 0x400d6ca4:0x3ffba120 0x4014c2b7:0x3ffba140 0x40089fd1:0x3ffba170




ELF file SHA256: 65117bb62

Rebooting...
ets Jul 29 2019 12:21:46

rst:0xc (SW_CPU_RESET),boot:0x13 (SPI_FAST_FLASH_BOOT)
configsip: 0, SPIWP:0xee
clk_drv:0x00,q_drv:0x00,d_drv:0x00,cs0_drv:0x00,hd_drv:0x00,wp_drv:0x00
mode:DIO, clock div:2
load:0x3fff0030,len:7176
load:0x40078000,len:15564
ho 0 tail 12 room 4
load:0x40080400,len:4
load:0x40080404,len:3904
entry 0x40080640
[0;32mI (31) boot: ESP-IDF v5.3.1-dirty 2nd stage bootloader[0m
[0;32mI (31) boot: compile time Nov 28 2024 18:42:47[0m
[0;32mI (31) boot: Multicore bootloader[0m
[0;32mI (36) boot: chip revision: v3.1[0m
[0;32mI (40) boot.esp32: SPI Speed      : 40MHz[0m
[0;32mI (44) boot.esp32: SPI Mode       : DIO[0m
[0;32mI (49) boot.esp32: SPI Flash Size : 2MB[0m
[0;32mI (53) boot: Enabling RNG early entropy source...[0m
[0;32mI (59) boot: Partition Table:[0m
[0;32mI (62) boot: ## Label            Usage          Type ST Offset   Length[0m
[0;32mI (70) boot:  0 nvs              WiFi data        01 02 00009000 00006000[0m
[0;32mI (77) boot:  1 phy_init         RF data          01 01 0000f000 00001000[0m
[0;32mI (85) boot:  2 factory          factory app      00 00 00010000 00100000[0m
[0;32mI (92) boot: End of partition table[0m
[0;32mI (96) esp_image: segment 0: paddr=00010020 vaddr=3f400020 size=1e700h (124672) map[0m
[0;32mI (147) esp_image: segment 1: paddr=0002e728 vaddr=3ffb0000 size=018f0h (  6384) load[0m
[0;32mI (150) esp_image: segment 2: paddr=00030020 vaddr=400d0020 size=7e2a0h (516768) map[0m
[0;32mI (330) esp_image: segment 3: paddr=000ae2c8 vaddr=3ffb18f0 size=02690h (  9872) load[0m
[0;32mI (334) esp_image: segment 4: paddr=000b0960 vaddr=40080000 size=17220h ( 94752) load[0m
[0;32mI (385) boot: Loaded app from partition at offset 0x10000[0m
[0;32mI (385) boot: Disabling RNG early entropy source...[0m
[0;32mI (397) cpu_start: Multicore app[0m
[0;32mI (405) cpu_start: Pro cpu start user code[0m
[0;32mI (405) cpu_start: cpu freq: 160000000 Hz[0m
[0;32mI (405) app_init: Application information:[0m
[0;32mI (408) app_init: Project name:     AirQuality[0m
[0;32mI (413) app_init: App version:      1[0m
[0;32mI (418) app_init: Compile time:     Nov 28 2024 18:42:33[0m
[0;32mI (424) app_init: ELF file SHA256:  65117bb62...[0m
[0;32mI (429) app_init: ESP-IDF:          v5.3.1-dirty[0m
[0;32mI (434) efuse_init: Min chip rev:     v0.0[0m
[0;32mI (439) efuse_init: Max chip rev:     v3.99 [0m
[0;32mI (444) efuse_init: Chip rev:         v3.1[0m
[0;32mI (449) heap_init: Initializing. RAM available for dynamic allocation:[0m
[0;32mI (456) heap_init: At 3FFAE6E0 len 00001920 (6 KiB): DRAM[0m
[0;32mI (462) heap_init: At 3FFB7E48 len 000281B8 (160 KiB): DRAM[0m
[0;32mI (468) heap_init: At 3FFE0440 len 00003AE0 (14 KiB): D/IRAM[0m
[0;32mI (475) heap_init: At 3FFE4350 len 0001BCB0 (111 KiB): D/IRAM[0m
[0;32mI (481) heap_init: At 40097220 len 00008DE0 (35 KiB): IRAM[0m
[0;32mI (489) spi_flash: detected chip: generic[0m
[0;32mI (492) spi_flash: flash io: dio[0m
[0;33mW (496) spi_flash: Detected size(4096k) larger than the size in the binary image header(2048k). Using the size in the binary image header.[0m
[0;33mW (509) ADC: legacy driver is deprecated, please migrate to `esp_adc/adc_oneshot.h`[0m
[0;32mI (518) main_task: Started on CPU0[0m
[0;32mI (528) main_task: Calling app_main()[0m
[0;32mI (548) Smoke Sensor: ESP_WIFI_MODE_STA[0m
[0;32mI (548) Smoke Sensor: Initializing Wi-Fi in STA mode...[0m
ESP_ERROR_CHECK failed: esp_err_t 0x103 (ESP_ERR_INVALID_STATE) at 0x400de875
file: "/IDF/components/esp_wifi/src/wifi_default.c" line 390
func: esp_netif_create_default_wifi_sta
expression: esp_wifi_set_default_wifi_sta_handlers()

abort() was called at PC 0x400894bb on core 0


Backtrace: 0x40081a42:0x3ffb9e50 0x400894c5:0x3ffb9e70 0x40090ffd:0x3ffb9e90 0x400894bb:0x3ffb9f00 0x400de875:0x3ffb9f30 0x400d69f5:0x3ffb9f60 0x400d6ca4:0x3ffba120 0x4014c2b7:0x3ffba140 0x40089fd1:0x3ffba170




ELF file SHA256: 65117bb62

Rebooting...
ets Jul 29 2019 12:21:46

rst:0xc (SW_CPU_RESET),boot:0x13 (SPI_FAST_FLASH_BOOT)
configsip: 0, SPIWP:0xee
clk_drv:0x00,q_drv:0x00,d_drv:0x00,cs0_drv:0x00,hd_drv:0x00,wp_drv:0x00
mode:DIO, clock div:2
load:0x3fff0030,len:7176
load:0x40078000,len:15564
ho 0 tail 12 room 4
load:0x40080400,len:4
load:0x40080404,len:3904
entry 0x40080640
[0;32mI (31) boot: ESP-IDF v5.3.1-dirty 2nd stage bootloader[0m
[0;32mI (31) boot: compile time Nov 28 2024 18:42:47[0m
[0;32mI (31) boot: Multicore bootloader[0m
[0;32mI (36) boot: chip revision: v3.1[0m
[0;32mI (40) boot.esp32: SPI Speed      : 40MHz[0m
[0;32mI (44) boot.esp32: SPI Mode       : DIO[0m
[0;32mI (49) boot.esp32: SPI Flash Size : 2MB[0m
[0;32mI (53) boot: Enabling RNG early entropy source...[0m
[0;32mI (59) boot: Partition Table:[0m
[0;32mI (62) boot: ## Label            Usage          Type ST Offset   Length[0m
[0;32mI (70) boot:  0 nvs              WiFi data        01 02 00009000 00006000[0m
[0;32mI (77) boot:  1 phy_init         RF data          01 01 0000f000 00001000[0m
[0;32mI (85) boot:  2 factory          factory app      00 00 00010000 00100000[0m
[0;32mI (92) boot: End of partition table[0m
[0;32mI (96) esp_image: segment 0: paddr=00010020 vaddr=3f400020 size=1e700h (124672) map[0m
[0;32mI (147) esp_image: segment 1: paddr=0002e728 vaddr=3ffb0000 size=018f0h (  6384) load[0m
[0;32mI (150) esp_image: segment 2: paddr=00030020 vaddr=400d0020 size=7e2a0h (516768) map[0m
[0;32mI (330) esp_image: segment 3: paddr=000ae2c8 vaddr=3ffb18f0 size=02690h (  9872) load[0m
[0;32mI (334) esp_image: segment 4: paddr=000b0960 vaddr=40080000 size=17220h ( 94752) load[0m
[0;32mI (385) boot: Loaded app from partition at offset 0x10000[0m
[0;32mI (385) boot: Disabling RNG early entropy source...[0m
[0;32mI (397) cpu_start: Multicore app[0m
[0;32mI (405) cpu_start: Pro cpu start user code[0m
[0;32mI (405) cpu_start: cpu freq: 160000000 Hz[0m
[0;32mI (405) app_init: Application information:[0m
[0;32mI (408) app_init: Project name:     AirQuality[0m
[0;32mI (413) app_init: App version:      1[0m
[0;32mI (418) app_init: Compile time:     Nov 28 2024 18:42:33[0m
[0;32mI (424) app_init: ELF file SHA256:  65117bb62...[0m
[0;32mI (429) app_init: ESP-IDF:          v5.3.1-dirty[0m
[0;32mI (434) efuse_init: Min chip rev:     v0.0[0m
[0;32mI (439) efuse_init: Max chip rev:     v3.99 [0m
[0;32mI (444) efuse_init: Chip rev:         v3.1[0m
[0;32mI (449) heap_init: Initializing. RAM available for dynamic allocation:[0m
[0;32mI (456) heap_init: At 3FFAE6E0 len 00001920 (6 KiB): DRAM[0m
[0;32mI (462) heap_init: At 3FFB7E48 len 000281B8 (160 KiB): DRAM[0m
[0;32mI (468) heap_init: At 3FFE0440 len 00003AE0 (14 KiB): D/IRAM[0m
[0;32mI (475) heap_init: At 3FFE4350 len 0001BCB0 (111 KiB): D/IRAM[0m
[0;32mI (481) heap_init: At 40097220 len 00008DE0 (35 KiB): IRAM[0m
[0;32mI (489) spi_flash: detected chip: generic[0m
[0;32mI (492) spi_flash: flash io: dio[0m
[0;33mW (496) spi_flash: Detected size(4096k) larger than the size in the binary image header(2048k). Using the size in the binary image header.[0m
[0;33mW (509) ADC: legacy driver is deprecated, please migrate to `esp_adc/adc_oneshot.h`[0m
[0;32mI (518) main_task: Started on CPU0[0m
[0;32mI (528) main_task: Calling app_main()[0m
[0;32mI (548) Smoke Sensor: ESP_WIFI_MODE_STA[0m
[0;32mI (548) Smoke Sensor: Initializing Wi-Fi in STA mode...[0m
ESP_ERROR_CHECK failed: esp_err_t 0x103 (ESP_ERR_INVALID_STATE) at 0x400de875
file: "/IDF/components/esp_wifi/src/wifi_default.c" line 390
func: esp_netif_create_default_wifi_sta
expression: esp_wifi_set_default_wifi_sta_handlers()

abort() was called at PC 0x400894bb on core 0


Backtrace: 0x40081a42:0x3ffb9e50 0x400894c5:0x3ffb9e70 0x40090ffd:0x3ffb9e90 0x400894bb:0x3ffb9f00 0x400de875:0x3ffb9f30 0x400d69f5:0x3ffb9f60 0x400d6ca4:0x3ffba120 0x4014c2b7:0x3ffba140 0x40089fd1:0x3ffba170




ELF file SHA256: 65117bb62

Rebooting...
ets Jul 29 2019 12:21:46

rst:0xc (SW_CPU_RESET),boot:0x13 (SPI_FAST_FLASH_BOOT)
configsip: 0, SPIWP:0xee
clk_drv:0x00,q_drv:0x00,d_drv:0x00,cs0_drv:0x00,hd_drv:0x00,wp_drv:0x00
mode:DIO, clock div:2
load:0x3fff0030,len:7176
load:0x40078000,len:15564
ho 0 tail 12 room 4
load:0x40080400,len:4
load:0x40080404,len:3904
entry 0x40080640
[0;32mI (31) boot: ESP-IDF v5.3.1-dirty 2nd stage bootloader[0m
[0;32mI (31) boot: compile time Nov 28 2024 18:42:47[0m
[0;32mI (31) boot: Multicore bootloader[0m
[0;32mI (36) boot: chip revision: v3.1[0m
[0;32mI (40) boot.esp32: SPI Speed      : 40MHz[0m
[0;32mI (44) boot.esp32: SPI Mode       : DIO[0m
[0;32mI (49) boot.esp32: SPI Flash Size : 2MB[0m
[0;32mI (53) boot: Enabling RNG early entropy source...[0m
[0;32mI (59) boot: Partition Table:[0m
[0;32mI (62) boot: ## Label            Usage          Type ST Offset   Length[0m
[0;32mI (70) boot:  0 nvs              WiFi data        01 02 00009000 00006000[0m
[0;32mI (77) boot:  1 phy_init         RF data          01 01 0000f000 00001000[0m
[0;32mI (85) boot:  2 factory          factory app      00 00 00010000 00100000[0m
[0;32mI (92) boot: End of partition table[0m
[0;32mI (96) esp_image: segment 0: paddr=00010020 vaddr=3f400020 size=1e700h (124672) map[0m
[0;32mI (147) esp_image: segment 1: paddr=0002e728 vaddr=3ffb0000 size=018f0h (  6384) load[0m
[0;32mI (150) esp_image: segment 2: paddr=00030020 vaddr=400d0020 size=7e2a0h (516768) map[0m
