

rst:0x1 (POWERON_RESET),boot:0x13 (SPI_FAST_Fï¿½ets Jul 29 2019 12:21:46

rst:0x1 (POWERON_RESET),boot:0x13 (SPI_FAST_FLASH_BOOT)
configsip: 0, SPIWP:0xee
clk_drv:0x00,q_drv:0x00,d_drv:0x00,cs0_drv:0x00,hd_drv:0x00,wp_drv:0x00
mode:DIO, clock div:2
load:0x3fff0030,len:7176
load:0x40078000,len:15564
ho 0 tail 12 room 4
load:0x40080400,len:4
load:0x40080404,len:3904
entry 0x40080640
[0;32mI (31) boot: ESP-IDF v5.3.1-dirty 2nd stage bootloader[0m
[0;32mI (31) boot: compile time Nov 28 2024 18:42:47[0m
[0;32mI (31) boot: Multicore bootloader[0m
[0;32mI (36) boot: chip revision: v3.1[0m
[0;32mI (40) boot.esp32: SPI Speed      : 40MHz[0m
[0;32mI (44) boot.esp32: SPI Mode       : DIO[0m
[0;32mI (49) boot.esp32: SPI Flash Size : 2MB[0m
[0;32mI (53) boot: Enabling RNG early entropy source...[0m
[0;32mI (59) boot: Partition Table:[0m
[0;32mI (62) boot: ## Label            Usage          Type ST Offset   Length[0m
[0;32mI (70) boot:  0 nvs              WiFi data        01 02 00009000 00006000[0m
[0;32mI (77) boot:  1 phy_init         RF data          01 01 0000f000 00001000[0m
[0;32mI (85) boot:  2 factory          factory app      00 00 00010000 00100000[0m
[0;32mI (92) boot: End of partition table[0m
[0;32mI (96) esp_image: segment 0: paddr=00010020 vaddr=3f400020 size=205dch (132572) map[0m
[0;32mI (150) esp_image: segment 1: paddr=00030604 vaddr=3ffb0000 size=03ff8h ( 16376) load[0m
[0;32mI (157) esp_image: segment 2: paddr=00034604 vaddr=40080000 size=0ba14h ( 47636) load[0m
[0;32mI (175) esp_image: segment 3: paddr=00040020 vaddr=400d0020 size=81938h (530744) map[0m
[0;32mI (358) esp_image: segment 4: paddr=000c1960 vaddr=4008ba14 size=0cbc8h ( 52168) load[0m
[0;32mI (390) boot: Loaded app from partition at offset 0x10000[0m
[0;32mI (391) boot: Disabling RNG early entropy source...[0m
[0;32mI (402) cpu_start: Multicore app[0m
[0;32mI (411) cpu_start: Pro cpu start user code[0m
[0;32mI (411) cpu_start: cpu freq: 160000000 Hz[0m
[0;32mI (411) app_init: Application information:[0m
[0;32mI (414) app_init: Project name:     AirQuality[0m
[0;32mI (419) app_init: App version:      1[0m
[0;32mI (423) app_init: Compile time:     Nov 28 2024 18:42:33[0m
[0;32mI (429) app_init: ELF file SHA256:  045a4a324...[0m
[0;32mI (435) app_init: ESP-IDF:          v5.3.1-dirty[0m
[0;32mI (440) efuse_init: Min chip rev:     v0.0[0m
[0;32mI (445) efuse_init: Max chip rev:     v3.99 [0m
[0;32mI (450) efuse_init: Chip rev:         v3.1[0m
[0;32mI (455) heap_init: Initializing. RAM available for dynamic allocation:[0m
[0;32mI (462) heap_init: At 3FFAE6E0 len 00001920 (6 KiB): DRAM[0m
[0;32mI (468) heap_init: At 3FFB7ED0 len 00028130 (160 KiB): DRAM[0m
[0;32mI (474) heap_init: At 3FFE0440 len 00003AE0 (14 KiB): D/IRAM[0m
[0;32mI (480) heap_init: At 3FFE4350 len 0001BCB0 (111 KiB): D/IRAM[0m
[0;32mI (487) heap_init: At 400985DC len 00007A24 (30 KiB): IRAM[0m
[0;32mI (494) spi_flash: detected chip: generic[0m
[0;32mI (498) spi_flash: flash io: dio[0m
[0;33mW (501) spi_flash: Detected size(4096k) larger than the size in the binary image header(2048k). Using the size in the binary image header.[0m
[0;33mW (515) i2c: This driver is an old driver, please migrate your application code to adapt `driver/i2c_master.h`[0m
[0;33mW (525) ADC: legacy driver is deprecated, please migrate to `esp_adc/adc_oneshot.h`[0m
[0;32mI (534) main_task: Started on CPU0[0m
[0;32mI (544) main_task: Calling app_main()[0m
[0;32mI (564) Smoke Sensor: ESP_WIFI_MODE_STA[0m
[0;32mI (564) Smoke Sensor: Initializing Wi-Fi in STA mode...[0m
ESP_ERROR_CHECK failed: esp_err_t 0x103 (ESP_ERR_INVALID_STATE) at 0x400e19b9
file: "/IDF/components/esp_wifi/src/wifi_default.c" line 390
func: esp_netif_create_default_wifi_sta
expression: esp_wifi_set_default_wifi_sta_handlers()

abort() was called at PC 0x4008a6d7 on core 0


Backtrace: 0x40081b52:0x3ffb9ed0 0x4008a6e1:0x3ffb9ef0 0x400923b9:0x3ffb9f10 0x4008a6d7:0x3ffb9f80 0x400e19b9:0x3ffb9fb0 0x400d6fd1:0x3ffb9fe0 0x400d7280:0x3ffba1a0 0x4014f8a3:0x3ffba1d0 0x4008b22d:0x3ffba200




ELF file SHA256: 045a4a324

Rebooting...
ets Jul 29 2019 12:21:46

rst:0xc (SW_CPU_RESET),boot:0x13 (SPI_FAST_FLASH_BOOT)
configsip: 0, SPIWP:0xee
clk_drv:0x00,q_drv:0x00,d_drv:0x00,cs0_drv:0x00,hd_drv:0x00,wp_drv:0x00
mode:DIO, clock div:2
load:0x3fff0030,len:7176
load:0x40078000,len:15564
ho 0 tail 12 room 4
load:0x40080400,len:4
load:0x40080404,len:3904
entry 0x40080640
[0;32mI (31) boot: ESP-IDF v5.3.1-dirty 2nd stage bootloader[0m
[0;32mI (31) boot: compile time Nov 28 2024 18:42:47[0m
[0;32mI (31) boot: Multicore bootloader[0m
[0;32mI (36) boot: chip revision: v3.1[0m
[0;32mI (40) boot.esp32: SPI Speed      : 40MHz[0m
[0;32mI (44) boot.esp32: SPI Mode       : DIO[0m
[0;32mI (49) boot.esp32: SPI Flash Size : 2MB[0m
[0;32mI (53) boot: Enabling RNG early entropy source...[0m
[0;32mI (59) boot: Partition Table:[0m
[0;32mI (62) boot: ## Label            Usage          Type ST Offset   Length[0m
[0;32mI (70) boot:  0 nvs              WiFi data        01 02 00009000 00006000[0m
[0;32mI (77) boot:  1 phy_init         RF data          01 01 0000f000 00001000[0m
[0;32mI (85) boot:  2 factory          factory app      00 00 00010000 00100000[0m
[0;32mI (92) boot: End of partition table[0m
[0;32mI (96) esp_image: segment 0: paddr=00010020 vaddr=3f400020 size=205dch (132572) map[0m
[0;32mI (150) esp_image: segment 1: paddr=00030604 vaddr=3ffb0000 size=03ff8h ( 16376) load[0m
[0;32mI (156) esp_image: segment 2: paddr=00034604 vaddr=40080000 size=0ba14h ( 47636) load[0m
[0;32mI (175) esp_image: segment 3: paddr=00040020 vaddr=400d0020 size=81938h (530744) map[0m
[0;32mI (357) esp_image: segment 4: paddr=000c1960 vaddr=4008ba14 size=0cbc8h ( 52168) load[0m
[0;32mI (390) boot: Loaded app from partition at offset 0x10000[0m
[0;32mI (390) boot: Disabling RNG early entropy source...[0m
[0;32mI (402) cpu_start: Multicore app[0m
[0;32mI (411) cpu_start: Pro cpu start user code[0m
[0;32mI (411) cpu_start: cpu freq: 160000000 Hz[0m
[0;32mI (411) app_init: Application information:[0m
[0;32mI (414) app_init: Project name:     AirQuality[0m
[0;32mI (419) app_init: App version:      1[0m
[0;32mI (423) app_init: Compile time:     Nov 28 2024 18:42:33[0m
[0;32mI (429) app_init: ELF file SHA256:  045a4a324...[0m
[0;32mI (434) app_init: ESP-IDF:          v5.3.1-dirty[0m
[0;32mI (440) efuse_init: Min chip rev:     v0.0[0m
[0;32mI (445) efuse_init: Max chip rev:     v3.99 [0m
[0;32mI (450) efuse_init: Chip rev:         v3.1[0m
[0;32mI (455) heap_init: Initializing. RAM available for dynamic allocation:[0m
[0;32mI (462) heap_init: At 3FFAE6E0 len 00001920 (6 KiB): DRAM[0m
[0;32mI (468) heap_init: At 3FFB7ED0 len 00028130 (160 KiB): DRAM[0m
[0;32mI (474) heap_init: At 3FFE0440 len 00003AE0 (14 KiB): D/IRAM[0m
[0;32mI (480) heap_init: At 3FFE4350 len 0001BCB0 (111 KiB): D/IRAM[0m
[0;32mI (487) heap_init: At 400985DC len 00007A24 (30 KiB): IRAM[0m
[0;32mI (494) spi_flash: detected chip: generic[0m
[0;32mI (497) spi_flash: flash io: dio[0m
[0;33mW (501) spi_flash: Detected size(4096k) larger than the size in the binary image header(2048k). Using the size in the binary image header.[0m
[0;33mW (515) i2c: This driver is an old driver, please migrate your application code to adapt `driver/i2c_master.h`[0m
[0;33mW (525) ADC: legacy driver is deprecated, please migrate to `esp_adc/adc_oneshot.h`[0m
[0;32mI (534) main_task: Started on CPU0[0m
[0;32mI (544) main_task: Calling app_main()[0m
[0;32mI (564) Smoke Sensor: ESP_WIFI_MODE_STA[0m
[0;32mI (564) Smoke Sensor: Initializing Wi-Fi in STA mode...[0m
ESP_ERROR_CHECK failed: esp_err_t 0x103 (ESP_ERR_INVALID_STATE) at 0x400e19b9
file: "/IDF/components/esp_wifi/src/wifi_default.c" line 390
func: esp_netif_create_default_wifi_sta
expression: esp_wifi_set_default_wifi_sta_handlers()

abort() was called at PC 0x4008a6d7 on core 0


Backtrace: 0x40081b52:0x3ffb9ed0 0x4008a6e1:0x3ffb9ef0 0x400923b9:0x3ffb9f10 0x4008a6d7:0x3ffb9f80 0x400e19b9:0x3ffb9fb0 0x400d6fd1:0x3ffb9fe0 0x400d7280:0x3ffba1a0 0x4014f8a3:0x3ffba1d0 0x4008b22d:0x3ffba200




ELF file SHA256: 045a4a324

Rebooting...
ets Jul 29 2019 12:21:46

rst:0xc (SW_CPU_RESET),boot:0x13 (SPI_FAST_FLASH_BOOT)
configsip: 0, SPIWP:0xee
clk_drv:0x00,q_drv:0x00,d_drv:0x00,cs0_drv:0x00,hd_drv:0x00,wp_drv:0x00
mode:DIO, clock div:2
load:0x3fff0030,len:7176
load:0x40078000,len:15564
ho 0 tail 12 room 4
load:0x40080400,len:4
load:0x40080404,len:3904
entry 0x40080640
[0;32mI (31) boot: ESP-IDF v5.3.1-dirty 2nd stage bootloader[0m
[0;32mI (31) boot: compile time Nov 28 2024 18:42:47[0m
[0;32mI (31) boot: Multicore bootloader[0m
[0;32mI (36) boot: chip revision: v3.1[0m
[0;32mI (40) boot.esp32: SPI Speed      : 40MHz[0m
[0;32mI (44) boot.esp32: SPI Mode       : DIO[0m
[0;32mI (49) boot.esp32: SPI Flash Size : 2MB[0m
[0;32mI (53) boot: Enabling RNG early entropy source...[0m
[0;32mI (59) boot: Partition Table:[0m
[0;32mI (62) boot: ## Label            Usage          Type ST Offset   Length[0m
[0;32mI (70) boot:  0 nvs              WiFi data        01 02 00009000 00006000[0m
[0;32mI (77) boot:  1 phy_init         RF data          01 01 0000f000 00001000[0m
[0;32mI (85) boot:  2 factory          factory app      00 00 00010000 00100000[0m
[0;32mI (92) boot: End of partition table[0m
[0;32mI (96) esp_image: segment 0: paddr=00010020 vaddr=3f400020 size=205dch (132572) map[0m
[0;32mI (150) esp_image: segment 1: paddr=00030604 vaddr=3ffb0000 size=03ff8h ( 16376) load[0m
[0;32mI (156) esp_image: segment 2: paddr=00034604 vaddr=40080000 size=0ba14h ( 47636) load[0m
[0;32mI (175) esp_image: segment 3: paddr=00040020 vaddr=400d0020 size=81938h (530744) map[0m
[0;32mI (357) esp_image: segment 4: paddr=000c1960 vaddr=4008ba14 size=0cbc8h ( 52168) load[0m
[0;32mI (390) boot: Loaded app from partition at offset 0x10000[0m
[0;32mI (390) boot: Disabling RNG early entropy source...[0m
[0;32mI (402) cpu_start: Multicore app[0m
[0;32mI (411) cpu_start: Pro cpu start user code[0m
[0;32mI (411) cpu_start: cpu freq: 160000000 Hz[0m
[0;32mI (411) app_init: Application information:[0m
[0;32mI (414) app_init: Project name:     AirQuality[0m
[0;32mI (419) app_init: App version:      1[0m
[0;32mI (423) app_init: Compile time:     Nov 28 2024 18:42:33[0m
[0;32mI (429) app_init: ELF file SHA256:  045a4a324...[0m
[0;32mI (434) app_init: ESP-IDF:          v5.3.1-dirty[0m
[0;32mI (440) efuse_init: Min chip rev:     v0.0[0m
[0;32mI (445) efuse_init: Max chip rev:     v3.99 [0m
[0;32mI (450) efuse_init: Chip rev:         v3.1[0m
[0;32mI (455) heap_init: Initializing. RAM available for dynamic allocation:[0m
[0;32mI (462) heap_init: At 3FFAE6E0 len 00001920 (6 KiB): DRAM[0m
[0;32mI (468) heap_init: At 3FFB7ED0 len 00028130 (160 KiB): DRAM[0m
[0;32mI (474) heap_init: At 3FFE0440 len 00003AE0 (14 KiB): D/IRAM[0m
[0;32mI (480) heap_init: At 3FFE4350 len 0001BCB0 (111 KiB): D/IRAM[0m
[0;32mI (487) heap_init: At 400985DC len 00007A24 (30 KiB): IRAM[0m
[0;32mI (494) spi_flash: detected chip: generic[0m
[0;32mI (497) spi_flash: flash io: dio[0m
[0;33mW (501) spi_flash: Detected size(4096k) larger than the size in the binary image header(2048k). Using the size in the binary image header.[0m
[0;33mW (515) i2c: This driver is an old driver, please migrate your application code to adapt `driver/i2c_master.h`[0m
[0;33mW (525) ADC: legacy driver is deprecated, please migrate to `esp_adc/adc_oneshot.h`[0m
[0;32mI (534) main_task: Started on CPU0[0m
[0;32mI (544) main_task: Calling app_main()[0m
[0;32mI (564) Smoke Sensor: ESP_WIFI_MODE_STA[0m
[0;32mI (564) Smoke Sensor: Initializing Wi-Fi in STA mode...[0m
ESP_ERROR_CHECK failed: esp_err_t 0x103 (ESP_ERR_INVALID_STATE) at 0x400e19b9
file: "/IDF/components/esp_wifi/src/wifi_default.c" line 390
func: esp_netif_create_default_wifi_sta
expression: esp_wifi_set_default_wifi_sta_handlers()

abort() was called at PC 0x4008a6d7 on core 0


Backtrace: 0x40081b52:0x3ffb9ed0 0x4008a6e1:0x3ffb9ef0 0x400923b9:0x3ffb9f10 0x4008a6d7:0x3ffb9f80 0x400e19b9:0x3ffb9fb0 0x400d6fd1:0x3ffb9fe0 0x400d7280:0x3ffba1a0 0x4014f8a3:0x3ffba1d0 0x4008b22d:0x3ffba200




ELF file SHA256: 045a4a324

Rebooting...
ets Jul 29 2019 12:21:46

rst:0xc (SW_CPU_RESET),boot:0x13 (SPI_FAST_FLASH_BOOT)
configsip: 0, SPIWP:0xee
clk_drv:0x00,q_drv:0x00,d_drv:0x00,cs0_drv:0x00,hd_drv:0x00,wp_drv:0x00
mode:DIO, clock div:2
load:0x3fff0030,len:7176
load:0x40078000,len:15564
ho 0 tail 12 room 4
load:0x40080400,len:4
load:0x40080404,len:3904
entry 0x40080640
[0;32mI (31) boot: ESP-IDF v5.3.1-dirty 2nd stage bootloader[0m
[0;32mI (31) boot: compile time Nov 28 2024 18:42:47[0m
[0;32mI (31) boot: Multicore bootloader[0m
[0;32mI (36) boot: chip revision: v3.1[0m
[0;32mI (40) boot.esp32: SPI Speed      : 40MHz[0m
[0;32mI (44) boot.esp32: SPI Mode       : DIO[0m
[0;32mI (49) boot.esp32: SPI Flash Size : 2MB[0m
[0;32mI (53) boot: Enabling RNG early entropy source...[0m
[0;32mI (59) boot: Partition Table:[0m
[0;32mI (62) boot: ## Label            Usage          Type ST Offset   Length[0m
[0;32mI (70) boot:  0 nvs              WiFi data        01 02 00009000 00006000[0m
[0;32mI (77) boot:  1 phy_init         RF data          01 01 0000f000 00001000[0m
[0;32mI (85) boot:  2 factory          factory app      00 00 00010000 00100000[0m
[0;32mI (92) boot: End of partition table[0m
[0;32mI (96) esp_image: segment 0: paddr=00010020 vaddr=3f400020 size=205dch (132572) map[0m
[0;32mI (150) esp_image: segment 1: paddr=00030604 vaddr=3ffb0000 size=03ff8h ( 16376) load[0m
[0;32mI (156) esp_image: segment 2: paddr=00034604 vaddr=40080000 size=0ba14h ( 47636) load[0m
[0;32mI (175) esp_image: segment 3: paddr=00040020 vaddr=400d0020 size=81938h (530744) map[0m
[0;32mI (357) esp_image: segment 4: paddr=000c1960 vaddr=4008ba14 size=0cbc8h ( 52168) load[0m
[0;32mI (390) boot: Loaded app from partition at offset 0x10000[0m
[0;32mI (390) boot: Disabling RNG early entropy source...[0m
[0;32mI (402) cpu_start: Multicore app[0m
[0;32mI (411) cpu_start: Pro cpu start user code[0m
[0;32mI (411) cpu_start: cpu freq: 160000000 Hz[0m
[0;32mI (411) app_init: Application information:[0m
[0;32mI (414) app_init: Project name:     AirQuality[0m
[0;32mI (419) app_init: App version:      1[0m
[0;32mI (423) app_init: Compile time:     Nov 28 2024 18:42:33[0m
[0;32mI (429) app_init: ELF file SHA256:  045a4a324...[0m
[0;32mI (434) app_init: ESP-IDF:          v5.3.1-dirty[0m
[0;32mI (440) efuse_init: Min chip rev:     v0.0[0m
[0;32mI (445) efuse_init: Max chip rev:     v3.99 [0m
[0;32mI (449) efuse_init: Chip rev:         v3.1[0m
[0;32mI (455) heap_init: Initializing. RAM available for dynamic allocation:[0m
[0;32mI (462) heap_init: At 3FFAE6E0 len 00001920 (6 KiB): DRAM[0m
[0;32mI (468) heap_init: At 3FFB7ED0 len 00028130 (160 KiB): DRAM[0m
[0;32mI (474) heap_init: At 3FFE0440 len 00003AE0 (14 KiB): D/IRAM[0m
[0;32mI (480) heap_init: At 3FFE4350 len 0001BCB0 (111 KiB): D/IRAM[0m
[0;32mI (487) heap_init: At 400985DC len 00007A24 (30 KiB): IRAM[0m
[0;32mI (494) spi_flash: detected chip: generic[0m
[0;32mI (497) spi_flash: flash io: dio[0m
[0;33mW (501) spi_flash: Detected size(4096k) larger than the size in the binary image header(2048k). Using the size in the binary image header.[0m
[0;33mW (515) i2c: This driver is an old driver, please migrate your application code to adapt `driver/i2c_master.h`[0m
[0;33mW (525) ADC: legacy driver is deprecated, please migrate to `esp_adc/adc_oneshot.h`[0m
[0;32mI (534) main_task: Started on CPU0[0m
[0;32mI (544) main_task: Calling app_main()[0m
[0;32mI (564) Smoke Sensor: ESP_WIFI_MODE_STA[0m
[0;32mI (564) Smoke Sensor: Initializing Wi-Fi in STA mode...[0m
ESP_ERROR_CHECK failed: esp_err_t 0x103 (ESP_ERR_INVALID_STATE) at 0x400e19b9
file: "/IDF/components/esp_wifi/src/wifi_default.c" line 390
func: esp_netif_create_default_wifi_sta
expression: esp_wifi_set_default_wifi_sta_handlers()

abort() was called at PC 0x4008a6d7 on core 0


Backtrace: 0x40081b52:0x3ffb9ed0 0x4008a6e1:0x3ffb9ef0 0x400923b9:0x3ffb9f10 0x4008a6d7:0x3ffb9f80 0x400e19b9:0x3ffb9fb0 0x400d6fd1:0x3ffb9fe0 0x400d7280:0x3ffba1a0 0x4014f8a3:0x3ffba1d0 0x4008b22d:0x3ffba200




ELF file SHA256: 045a4a324

Rebooting...
ets Jul 29 2019 12:21:46

rst:0xc (SW_CPU_RESET),boot:0x13 (SPI_FAST_FLASH_BOOT)
configsip: 0, SPIWP:0xee
clk_drv:0x00,q_drv:0x00,d_drv:0x00,cs0_drv:0x00,hd_drv:0x00,wp_drv:0x00
mode:DIO, clock div:2
load:0x3fff0030,len:7176
load:0x40078000,len:15564
ho 0 tail 12 room 4
load:0x40080400,len:4
load:0x40080404,len:3904
entry 0x40080640
[0;32mI (31) boot: ESP-IDF v5.3.1-dirty 2nd stage bootloader[0m
[0;32mI (31) boot: compile time Nov 28 2024 18:42:47[0m
[0;32mI (31) boot: Multicore bootloader[0m
[0;32mI (36) boot: chip revision: v3.1[0m
[0;32mI (40) boot.esp32: SPI Speed      : 40MHz[0m
[0;32mI (44) boot.esp32: SPI Mode       : DIO[0m
[0;32mI (49) boot.esp32: SPI Flash Size : 2MB[0m
[0;32mI (53) boot: Enabling RNG early entropy source...[0m
[0;32mI (59) boot: Partition Table:[0m
[0;32mI (62) boot: ## Label            Usage          Type ST Offset   Length[0m
[0;32mI (70) boot:  0 nvs              WiFi data        01 02 00009000 00006000[0m
[0;32mI (77) boot:  1 phy_init         RF data          01 01 0000f000 00001000[0m
[0;32mI (85) boot:  2 factory          factory app      00 00 00010000 00100000[0m
[0;32mI (92) boot: End of partition table[0m
[0;32mI (96) esp_image: segment 0: paddr=00010020 vaddr=3f400020 size=205dch (132572) map[0m
[0;32mI (150) esp_image: segment 1: paddr=00030604 vaddr=3ffb0000 size=03ff8h ( 16376) load[0m
[0;32mI (156) esp_image: segment 2: paddr=00034604 vaddr=40080000 size=0ba14h ( 47636) load[0m
[0;32mI (175) esp_image: segment 3: paddr=00040020 vaddr=400d0020 size=81938h (530744) map[0m
[0;32mI (357) esp_image: segment 4: paddr=000c1960 vaddr=4008ba14 size=0cbc8h ( 52168) load[0m
[0;32mI (390) boot: Loaded app from partition at offset 0x10000[0m
[0;32mI (390) boot: Disabling RNG early entropy source...[0m
[0;32mI (402) cpu_start: Multicore app[0m
[0;32mI (411) cpu_start: Pro cpu start user code[0m
[0;32mI (411) cpu_start: cpu freq: 160000000 Hz[0m
[0;32mI (411) app_init: Application information:[0m
[0;32mI (414) app_init: Project name:     AirQuality[0m
[0;32mI (419) app_init: App version:      1[0m
[0;32mI (423) app_init: Compile time:     Nov 28 2024 18:42:33[0m
[0;32mI (429) app_init: ELF file SHA256:  045a4a324...[0m
[0;32mI (434) app_init: ESP-IDF:          v5.3.1-dirty[0m
[0;32mI (440) efuse_init: Min chip rev:     v0.0[0m
[0;32mI (445) efuse_init: Max chip rev:     v3.99 [0m
[0;32mI (450) efuse_init: Chip rev:         v3.1[0m
[0;32mI (455) heap_init: Initializing. RAM available for dynamic allocation:[0m
[0;32mI (462) heap_init: At 3FFAE6E0 len 00001920 (6 KiB): DRAM[0m
[0;32mI (468) heap_init: At 3FFB7ED0 len 00028130 (160 KiB): DRAM[0m
[0;32mI (474) heap_init: At 3FFE0440 len 00003AE0 (14 KiB): D/IRAM[0m
[0;32mI (480) heap_init: At 3FFE4350 len 0001BCB0 (111 KiB): D/IRAM[0m
[0;32mI (487) heap_init: At 400985DC len 00007A24 (30 KiB): IRAM[0m
[0;32mI (494) spi_flash: detected chip: generic[0m
[0;32mI (497) spi_flash: flash io: dio[0m
[0;33mW (501) spi_flash: Detected size(4096k) larger than the size in the binary image header(2048k). Using the size in the binary image header.[0m
[0;33mW (515) i2c: This driver is an old driver, please migrate your application code to adapt `driver/i2c_master.h`[0m
[0;33mW (525) ADC: legacy driver is deprecated, please migrate to `esp_adc/adc_oneshot.h`[0m
[0;32mI (534) main_task: Started on CPU0[0m
[0;32mI (544) main_task: Calling app_main()[0m
[0;32mI (564) Smoke Sensor: ESP_WIFI_MODE_STA[0m
[0;32mI (564) Smoke Sensor: Initializing Wi-Fi in STA mode...[0m
ESP_ERROR_CHECK failed: esp_err_t 0x103 (ESP_ERR_INVALID_STATE) at 0x400e19b9
file: "/IDF/components/esp_wifi/src/wifi_default.c" line 390
func: esp_netif_create_default_wifi_sta
expression: esp_wifi_set_default_wifi_sta_handlers()

abort() was called at PC 0x4008a6d7 on core 0


Backtrace: 0x40081b52:0x3ffb9ed0 0x4008a6e1:0x3ffb9ef0 0x400923b9:0x3ffb9f10 0x4008a6d7:0x3ffb9f80 0x400e19b9:0x3ffb9fb0 0x400d6fd1:0x3ffb9fe0 0x400d7280:0x3ffba1a0 0x4014f8a3:0x3ffba1d0 0x4008b22d:0x3ffba200




ELF file SHA256: 045a4a324

Rebooting...
ets Jul 29 2019 12:21:46

rst:0xc (SW_CPU_RESET),boot:0x13 (SPI_FAST_FLASH_BOOT)
configsip: 0, SPIWP:0xee
clk_drv:0x00,q_drv:0x00,d_drv:0x00,cs0_drv:0x00,hd_drv:0x00,wp_drv:0x00
mode:DIO, clock div:2
load:0x3fff0030,len:7176
load:0x40078000,len:15564
ho 0 tail 12 room 4
load:0x40080400,len:4
load:0x40080404,len:3904
entry 0x40080640
[0;32mI (31) boot: ESP-IDF v5.3.1-dirty 2nd stage bootloader[0m
[0;32mI (31) boot: compile time Nov 28 2024 18:42:47[0m
[0;32mI (31) boot: Multicore bootloader[0m
[0;32mI (36) boot: chip revision: v3.1[0m
[0;32mI (40) boot.esp32: SPI Speed      : 40MHz[0m
[0;32mI (44) boot.esp32: SPI Mode       : DIO[0m
[0;32mI (49) boot.esp32: SPI Flash Size : 2MB[0m
[0;32mI (53) boot: Enabling RNG early entropy source...[0m
[0;32mI (59) boot: Partition Table:[0m
[0;32mI (62) boot: ## Label            Usage          Type ST Offset   Length[0m
[0;32mI (70) boot:  0 nvs              WiFi data        01 02 00009000 00006000[0m
[0;32mI (77) boot:  1 phy_init         RF data          01 01 0000f000 00001000[0m
[0;32mI (85) boot:  2 factory          factory app      00 00 00010000 00100000[0m
[0;32mI (92) boot: End of partition table[0m
[0;32mI (96) esp_image: segment 0: paddr=00010020 vaddr=3f400020 size=205dch (132572) map[0m
[0;32mI (150) esp_image: segment 1: paddr=00030604 vaddr=3ffb0000 size=03ff8h ( 16376) load[0m
[0;32mI (156) esp_image: segment 2: paddr=00034604 vaddr=40080000 size=0ba14h ( 47636) load[0m
[0;32mI (175) esp_image: segment 3: paddr=00040020 vaddr=400d0020 size=81938h (530744) map[0m
[0;32mI (357) esp_image: segment 4: paddr=000c1960 vaddr=4008ba14 size=0cbc8h ( 52168) load[0m
[0;32mI (390) boot: Loaded app from partition at offset 0x10000[0m
[0;32mI (390) boot: Disabling RNG early entropy source...[0m
[0;32mI (402) cpu_start: Multicore app[0m
[0;32mI (411) cpu_start: Pro cpu start user code[0m
[0;32mI (411) cpu_start: cpu freq: 160000000 Hz[0m
[0;32mI (411) app_init: Application information:[0m
[0;32mI (414) app_init: Project name:     AirQuality[0m
[0;32mI (419) app_init: App version:      1[0m
[0;32mI (423) app_init: Compile time:     Nov 28 2024 18:42:33[0m
[0;32mI (429) app_init: ELF file SHA256:  045a4a324...[0m
[0;32mI (435) app_init: ESP-IDF:          v5.3.1-dirty[0m
[0;32mI (440) efuse_init: Min chip rev:     v0.0[0m
[0;32mI (445) efuse_init: Max chip rev:     v3.99 [0m
[0;32mI (450) efuse_init: Chip rev:         v3.1[0m
[0;32mI (455) heap_init: Initializing. RAM available for dynamic allocation:[0m
[0;32mI (462) heap_init: At 3FFAE6E0 len 00001920 (6 KiB): DRAM[0m
[0;32mI (468) heap_init: At 3FFB7ED0 len 00028130 (160 KiB): DRAM[0m
[0;32mI (474) heap_init: At 3FFE0440 len 00003AE0 (14 KiB): D/IRAM[0m
[0;32mI (480) heap_init: At 3FFE4350 len 0001BCB0 (111 KiB): D/IRAM[0m
[0;32mI (487) heap_init: At 400985DC len 00007A24 (30 KiB): IRAM[0m
[0;32mI (494) spi_flash: detected chip: generic[0m
[0;32mI (497) spi_flash: flash io: dio[0m
[0;33mW (501) spi_flash: Detected size(4096k) larger than the size in the binary image header(2048k). Using the size in the binary image header.[0m
[0;33mW (515) i2c: This driver is an old driver, please migrate your application code to adapt `driver/i2c_master.h`[0m
[0;33mW (525) ADC: legacy driver is deprecated, please migrate to `esp_adc/adc_oneshot.h`[0m
[0;32mI (534) main_task: Started on CPU0[0m
[0;32mI (544) main_task: Calling app_main()[0m
[0;32mI (564) Smoke Sensor: ESP_WIFI_MODE_STA[0m
[0;32mI (564) Smoke Sensor: Initializing Wi-Fi in STA mode...[0m
ESP_ERROR_CHECK failed: esp_err_t 0x103 (ESP_ERR_INVALID_STATE) at 0x400e19b9
file: "/IDF/components/esp_wifi/src/wifi_default.c" line 390
func: esp_netif_create_default_wifi_sta
expression: esp_wifi_set_default_wifi_sta_handlers()

abort() was called at PC 0x4008a6d7 on core 0


Backtrace: 0x40081b52:0x3ffb9ed0 0x4008a6e1:0x3ffb9ef0 0x400923b9:0x3ffb9f10 0x4008a6d7:0x3ffb9f80 0x400e19b9:0x3ffb9fb0 0x400d6fd1:0x3ffb9fe0 0x400d7280:0x3ffba1a0 0x4014f8a3:0x3ffba1d0 0x4008b22d:0x3ffba200




ELF file SHA256: 045a4a324

Rebooting...
ets Jul 29 2019 12:21:46

rst:0xc (SW_CPU_RESET),boot:0x13 (SPI_FAST_FLASH_BOOT)
configsip: 0, SPIWP:0xee
clk_drv:0x00,q_drv:0x00,d_drv:0x00,cs0_drv:0x00,hd_drv:0x00,wp_drv:0x00
mode:DIO, clock div:2
load:0x3fff0030,len:7176
load:0x40078000,len:15564
ho 0 tail 12 room 4
load:0x40080400,len:4
load:0x40080404,len:3904
entry 0x40080640
[0;32mI (31) boot: ESP-IDF v5.3.1-dirty 2nd stage bootloader[0m
[0;32mI (31) boot: compile time Nov 28 2024 18:42:47[0m
[0;32mI (31) boot: Multicore bootloader[0m
[0;32mI (36) boot: chip revision: v3.1[0m
[0;32mI (40) boot.esp32: SPI Speed      : 40MHz[0m
[0;32mI (44) boot.esp32: SPI Mode       : DIO[0m
[0;32mI (49) boot.esp32: SPI Flash Size : 2MB[0m
[0;32mI (53) boot: Enabling RNG early entropy source...[0m
[0;32mI (59) boot: Partition Table:[0m
[0;32mI (62) boot: ## Label            Usage          Type ST Offset   Length[0m
[0;32mI (70) boot:  0 nvs              WiFi data        01 02 00009000 00006000[0m
[0;32mI (77) boot:  1 phy_init         RF data          01 01 0000f000 00001000[0m
[0;32mI (85) boot:  2 factory          factory app      00 00 00010000 00100000[0m
[0;32mI (92) boot: End of partition table[0m
[0;32mI (96) esp_image: segment 0: paddr=00010020 vaddr=3f400020 size=205dch (132572) map[0m
[0;32mI (150) esp_image: segment 1: paddr=00030604 vaddr=3ffb0000 size=03ff8h ( 16376) load[0m
[0;32mI (156) esp_image: segment 2: paddr=00034604 vaddr=40080000 size=0ba14h ( 47636) load[0m
[0;32mI (175) esp_image: segment 3: paddr=00040020 vaddr=400d0020 size=81938h (530744) map[0m
[0;32mI (357) esp_image: segment 4: paddr=000c1960 vaddr=4008ba14 size=0cbc8h ( 52168) load[0m
[0;32mI (390) boot: Loaded app from partition at offset 0x10000[0m
[0;32mI (390) boot: Disabling RNG early entropy source...[0m
[0;32mI (402) cpu_start: Multicore app[0m
[0;32mI (411) cpu_start: Pro cpu start user code[0m
[0;32mI (411) cpu_start: cpu freq: 160000000 Hz[0m
[0;32mI (411) app_init: Application information:[0m
[0;32mI (414) app_init: Project name:     AirQuality[0m
[0;32mI (419) app_init: App version:      1[0m
[0;32mI (423) app_init: Compile time:     Nov 28 2024 18:42:33[0m
[0;32mI (429) app_init: ELF file SHA256:  045a4a324...[0m
[0;32mI (435) app_init: ESP-IDF:          v5.3.1-dirty[0m
[0;32mI (440) efuse_init: Min chip rev:     v0.0[0m
[0;32mI (445) efuse_init: Max chip rev:     v3.99 [0m
[0;32mI (450) efuse_init: Chip rev:         v3.1[0m
[0;32mI (455) heap_init: Initializing. RAM available for dynamic allocation:[0m
[0;32mI (462) heap_init: At 3FFAE6E0 len 00001920 (6 KiB): DRAM[0m
[0;32mI (468) heap_init: At 3FFB7ED0 len 00028130 (160 KiB): DRAM[0m
[0;32mI (474) heap_init: At 3FFE0440 len 00003AE0 (14 KiB): D/IRAM[0m
[0;32mI (480) heap_init: At 3FFE4350 len 0001BCB0 (111 KiB): D/IRAM[0m
[0;32mI (487) heap_init: At 400985DC len 00007A24 (30 KiB): IRAM[0m
[0;32mI (494) spi_flash: detected chip: generic[0m
[0;32mI (497) spi_flash: flash io: dio[0m
[0;33mW (501) spi_flash: Detected size(4096k) larger than the size in the binary image header(2048k). Using the size in the binary image header.[0m
[0;33mW (515) i2c: This driver is an old driver, please migrate your application code to adapt `driver/i2c_master.h`[0m
[0;33mW (525) ADC: legacy driver is deprecated, please migrate to `esp_adc/adc_oneshot.h`[0m
[0;32mI (534) main_task: Started on CPU0[0m
[0;32mI (544) main_task: Calling app_main()[0m
[0;32mI (564) Smoke Sensor: ESP_WIFI_MODE_STA[0m
[0;32mI (564) Smoke Sensor: Initializing Wi-Fi in STA mode...[0m
ESP_ERROR_CHECK failed: esp_err_t 0x103 (ESP_ERR_INVALID_STATE) at 0x400e19b9
file: "/IDF/components/esp_wifi/src/wifi_default.c" line 390
func: esp_netif_create_default_wifi_sta
expression: esp_wifi_set_default_wifi_sta_handlers()

abort() was called at PC 0x4008a6d7 on core 0


Backtrace: 0x40081b52:0x3ffb9ed0 0x4008a6e1:0x3ffb9ef0 0x400923b9:0x3ffb9f10 0x4008a6d7:0x3ffb9f80 0x400e19b9:0x3ffb9fb0 0x400d6fd1:0x3ffb9fe0 0x400d7280:0x3ffba1a0 0x4014f8a3:0x3ffba1d0 0x4008b22d:0x3ffba200




ELF file SHA256: 045a4a324

Rebooting...
ets Jul 29 2019 12:21:46

rst:0xc (SW_CPU_RESET),boot:0x13 (SPI_FAST_FLASH_BOOT)
configsip: 0, SPIWP:0xee
clk_drv:0x00,q_drv:0x00,d_drv:0x00,cs0_drv:0x00,hd_drv:0x00,wp_drv:0x00
mode:DIO, clock div:2
load:0x3fff0030,len:7176
load:0x40078000,len:15564
ho 0 tail 12 room 4
load:0x40080400,len:4
load:0x40080404,len:3904
entry 0x40080640
[0;32mI (31) boot: ESP-IDF v5.3.1-dirty 2nd stage bootloader[0m
[0;32mI (31) boot: compile time Nov 28 2024 18:42:47[0m
[0;32mI (31) boot: Multicore bootloader[0m
[0;32mI (36) boot: chip revision: v3.1[0m
[0;32mI (40) boot.esp32: SPI Speed      : 40MHz[0m
[0;32mI (44) boot.esp32: SPI Mode       : DIO[0m
[0;32mI (49) boot.esp32: SPI Flash Size : 2MB[0m
[0;32mI (53) boot: Enabling RNG early entropy source...[0m
[0;32mI (59) boot: Partition Table:[0m
[0;32mI (62) boot: ## Label            Usage          Type ST Offset   Length[0m
[0;32mI (70) boot:  0 nvs              WiFi data        01 02 00009000 00006000[0m
[0;32mI (77) boot:  1 phy_init         RF data          01 01 0000f000 00001000[0m
[0;32mI (85) boot:  2 factory          factory app      00 00 00010000 00100000[0m
[0;32mI (92) boot: End of partition table[0m
[0;32mI (96) esp_image: segment 0: paddr=00010020 vaddr=3f400020 size=205dch (132572) map[0m
[0;32mI (150) esp_image: segment 1: paddr=00030604 vaddr=3ffb0000 size=03ff8h ( 16376) load[0m
[0;32mI (156) esp_image: segment 2: paddr=00034604 vaddr=40080000 size=0ba14h ( 47636) load[0m
[0;32mI (175) esp_image: segment 3: paddr=00040020 vaddr=400d0020 size=81938h (530744) map[0m
[0;32mI (357) esp_image: segment 4: paddr=000c1960 vaddr=4008ba14 size=0cbc8h ( 52168) load[0m
[0;32mI (390) boot: Loaded app from partition at offset 0x10000[0m
[0;32mI (390) boot: Disabling RNG early entropy source...[0m
[0;32mI (402) cpu_start: Multicore app[0m
[0;32mI (411) cpu_start: Pro cpu start user code[0m
[0;32mI (411) cpu_start: cpu freq: 160000000 Hz[0m
[0;32mI (411) app_init: Application information:[0m
[0;32mI (414) app_init: Project name:     AirQuality[0m
[0;32mI (419) app_init: App version:      1[0m
[0;32mI (423) app_init: Compile time:     Nov 28 2024 18:42:33[0m
[0;32mI (429) app_init: ELF file SHA256:  045a4a324...[0m
[0;32mI (434) app_init: ESP-IDF:          v5.3.1-dirty[0m
[0;32mI (440) efuse_init: Min chip rev:     v0.0[0m
[0;32mI (445) efuse_init: Max chip rev:     v3.99 [0m
[0;32mI (450) efuse_init: Chip rev:         v3.1[0m
[0;32mI (455) heap_init: Initializing. RAM available for dynamic allocation:[0m
[0;32mI (462) heap_init: At 3FFAE6E0 len 00001920 (6 KiB): DRAM[0m
[0;32mI (468) heap_init: At 3FFB7ED0 len 00028130 (160 KiB): DRAM[0m
[0;32mI (474) heap_init: At 3FFE0440 len 00003AE0 (14 KiB): D/IRAM[0m
[0;32mI (480) heap_init: At 3FFE4350 len 0001BCB0 (111 KiB): D/IRAM[0m
[0;32mI (487) heap_init: At 400985DC len 00007A24 (30 KiB): IRAM[0m
[0;32mI (494) spi_flash: detected chip: generic[0m
[0;32mI (497) spi_flash: flash io: dio[0m
[0;33mW (501) spi_flash: Detected size(4096k) larger than the size in the binary image header(2048k). Using the size in the binary image header.[0m
[0;33mW (515) i2c: This driver is an old driver, please migrate your application code to adapt `driver/i2c_master.h`[0m
[0;33mW (525) ADC: legacy driver is deprecated, please migrate to `esp_adc/adc_oneshot.h`[0m
[0;32mI (534) main_task: Started on CPU0[0m
[0;32mI (544) main_task: Calling app_main()[0m
[0;32mI (564) Smoke Sensor: ESP_WIFI_MODE_STA[0m
[0;32mI (564) Smoke Sensor: Initializing Wi-Fi in STA mode...[0m
ESP_ERROR_CHECK failed: esp_err_t 0x103 (ESP_ERR_INVALID_STATE) at 0x400e19b9
file: "/IDF/components/esp_wifi/src/wifi_default.c" line 390
func: esp_netif_create_default_wifi_sta
expression: esp_wifi_set_default_wifi_sta_handlers()

abort() was called at PC 0x4008a6d7 on core 0


Backtrace: 0x40081b52:0x3ffb9ed0 0x4008a6e1:0x3ffb9ef0 0x400923b9:0x3ffb9f10 0x4008a6d7:0x3ffb9f80 0x400e19b9:0x3ffb9fb0 0x400d6fd1:0x3ffb9fe0 0x400d7280:0x3ffba1a0 0x4014f8a3:0x3ffba1d0 0x4008b22d:0x3ffba200




ELF file SHA256: 045a4a324

Rebooting...
ets Jul 29 2019 12:21:46

rst:0xc (SW_CPU_RESET),boot:0x13 (SPI_FAST_FLASH_BOOT)
configsip: 0, SPIWP:0xee
clk_drv:0x00,q_drv:0x00,d_drv:0x00,cs0_drv:0x00,hd_drv:0x00,wp_drv:0x00
mode:DIO, clock div:2
load:0x3fff0030,len:7176
load:0x40078000,len:15564
ho 0 tail 12 room 4
load:0x40080400,len:4
load:0x40080404,len:3904
entry 0x40080640
[0;32mI (31) boot: ESP-IDF v5.3.1-dirty 2nd stage bootloader[0m
[0;32mI (31) boot: compile time Nov 28 2024 18:42:47[0m
[0;32mI (31) boot: Multicore bootloader[0m
[0;32mI (36) boot: chip revision: v3.1[0m
[0;32mI (40) boot.esp32: SPI Speed      : 40MHz[0m
[0;32mI (44) boot.esp32: SPI Mode       : DIO[0m
[0;32mI (49) boot.esp32: SPI Flash Size : 2MB[0m
[0;32mI (53) boot: Enabling RNG early entropy source...[0m
[0;32mI (59) boot: Partition Table:[0m
[0;32mI (62) boot: ## Label            Usage          Type ST Offset   Length[0m
[0;32mI (70) boot:  0 nvs              WiFi data        01 02 00009000 00006000[0m
[0;32mI (77) boot:  1 phy_init         RF data          01 01 0000f000 00001000[0m
[0;32mI (85) boot:  2 factory          factory app      00 00 00010000 00100000[0m
[0;32mI (92) boot: End of partition table[0m
[0;32mI (96) esp_image: segment 0: paddr=00010020 vaddr=3f400020 size=205dch (132572) map[0m
[0;32mI (150) esp_image: segment 1: paddr=00030604 vaddr=3ffb0000 size=03ff8h ( 16376) load[0m
[0;32mI (156) esp_image: segment 2: paddr=00034604 vaddr=40080000 size=0ba14h ( 47636) load[0m
[0;32mI (175) esp_image: segment 3: paddr=00040020 vaddr=400d0020 size=81938h (530744) map[0m
[0;32mI (357) esp_image: segment 4: paddr=000c1960 vaddr=4008ba14 size=0cbc8h ( 52168) load[0m
[0;32mI (390) boot: Loaded app from partition at offset 0x10000[0m
[0;32mI (390) boot: Disabling RNG early entropy source...[0m
[0;32mI (402) cpu_start: Multicore app[0m
[0;32mI (411) cpu_start: Pro cpu start user code[0m
[0;32mI (411) cpu_start: cpu freq: 160000000 Hz[0m
[0;32mI (411) app_init: Application information:[0m
[0;32mI (414) app_init: Project name:     AirQuality[0m
[0;32mI (419) app_init: App version:      1[0m
[0;32mI (423) app_init: Compile time:     Nov 28 2024 18:42:33[0m
[0;32mI (429) app_init: ELF file SHA256:  045a4a324...[0m
[0;32mI (434) app_init: ESP-IDF:          v5.3.1-dirty[0m
[0;32mI (440) efuse_init: Min chip rev:     v0.0[0m
[0;32mI (445) efuse_init: Max chip rev:     v3.99 [0m
[0;32mI (450) efuse_init: Chip rev:         v3.1[0m
[0;32mI (455) heap_init: Initializing. RAM available for dynamic allocation:[0m
[0;32mI (462) heap_init: At 3FFAE6E0 len 00001920 (6 KiB): DRAM[0m
[0;32mI (468) heap_init: At 3FFB7ED0 len 00028130 (160 KiB): DRAM[0m
[0;32mI (474) heap_init: At 3FFE0440 len 00003AE0 (14 KiB): D/IRAM[0m
[0;32mI (480) heap_init: At 3FFE4350 len 0001BCB0 (111 KiB): D/IRAM[0m
[0;32mI (487) heap_init: At 400985DC len 00007A24 (30 KiB): IRAM[0m
[0;32mI (494) spi_flash: detected chip: generic[0m
[0;32mI (497) spi_flash: flash io: dio[0m
[0;33mW (501) spi_flash: Detected size(4096k) larger than the size in the binary image header(2048k). Using the size in the binary image header.[0m
[0;33mW (515) i2c: This driver is an old driver, please migrate your application code to adapt `driver/i2c_master.h`[0m
[0;33mW (525) ADC: legacy driver is deprecated, please migrate to `esp_adc/adc_oneshot.h`[0m
[0;32mI (534) main_task: Started on CPU0[0m
[0;32mI (544) main_task: Calling app_main()[0m
[0;32mI (564) Smoke Sensor: ESP_WIFI_MODE_STA[0m
[0;32mI (564) Smoke Sensor: Initializing Wi-Fi in STA mode...[0m
ESP_ERROR_CHECK failed: esp_err_t 0x103 (ESP_ERR_INVALID_STATE) at 0x400e19b9
file: "/IDF/components/esp_wifi/src/wifi_default.c" line 390
func: esp_netif_create_default_wifi_sta
expression: esp_wifi_set_default_wifi_sta_handlers()

abort() was called at PC 0x4008a6d7 on core 0


Backtrace: 0x40081b52:0x3ffb9ed0 0x4008a6e1:0x3ffb9ef0 0x400923b9:0x3ffb9f10 0x4008a6d7:0x3ffb9f80 0x400e19b9:0x3ffb9fb0 0x400d6fd1:0x3ffb9fe0 0x400d7280:0x3ffba1a0 0x4014f8a3:0x3ffba1d0 0x4008b22d:0x3ffba200




ELF file SHA256: 045a4a324

Rebooting...
ets Jul 29 2019 12:21:46

rst:0xc (SW_CPU_RESET),boot:0x13 (SPI_FAST_FLASH_BOOT)
configsip: 0, SPIWP:0xee
clk_drv:0x00,q_drv:0x00,d_drv:0x00,cs0_drv:0x00,hd_drv:0x00,wp_drv:0x00
mode:DIO, clock div:2
load:0x3fff0030,len:7176
load:0x40078000,len:15564
ho 0 tail 12 room 4
load:0x40080400,len:4
load:0x40080404,len:3904
entry 0x40080640
[0;32mI (31) boot: ESP-IDF v5.3.1-dirty 2nd stage bootloader[0m
[0;32mI (31) boot: compile time Nov 28 2024 18:42:47[0m
[0;32mI (31) boot: Multicore bootloader[0m
[0;32mI (36) boot: chip revision: v3.1[0m
[0;32mI (40) boot.esp32: SPI Speed      : 40MHz[0m
[0;32mI (44) boot.esp32: SPI Mode       : DIO[0m
[0;32mI (49) boot.esp32: SPI Flash Size : 2MB[0m
[0;32mI (53) boot: Enabling RNG early entropy source...[0m
[0;32mI (59) boot: Partition Table:[0m
[0;32mI (62) boot: ## Label            Usage          Type ST Offset   Length[0m
[0;32mI (70) boot:  0 nvs              WiFi data        01 02 00009000 00006000[0m
[0;32mI (77) boot:  1 phy_init         RF data          01 01 0000f000 00001000[0m
[0;32mI (85) boot:  2 factory          factory app      00 00 00010000 00100000[0m
[0;32mI (92) boot: End of partition table[0m
[0;32mI (96) esp_image: segment 0: paddr=00010020 vaddr=3f400020 size=205dch (132572) map[0m
[0;32mI (150) esp_image: segment 1: paddr=00030604 vaddr=3ffb0000 size=03ff8h ( 16376) load[0m
[0;32mI (156) esp_image: segment 2: paddr=00034604 vaddr=40080000 size=0ba14h ( 47636) load[0m
[0;32mI (175) esp_image: segment 3: paddr=00040020 vaddr=400d0020 size=81938h (530744) map[0m
[0;32mI (357) esp_image: segment 4: paddr=000c1960 vaddr=4008ba14 size=0cbc8h ( 52168) load[0m
[0;32mI (390) boot: Loaded app from partition at offset 0x10000[0m
[0;32mI (390) boot: Disabling RNG early entropy source...[0m
[0;32mI (402) cpu_start: Multicore app[0m
[0;32mI (411) cpu_start: Pro cpu start user code[0m
[0;32mI (411) cpu_start: cpu freq: 160000000 Hz[0m
[0;32mI (411) app_init: Application information:[0m
[0;32mI (414) app_init: Project name:     AirQuality[0m
[0;32mI (419) app_init: App version:      1[0m
[0;32mI (423) app_init: Compile time:     Nov 28 2024 18:42:33[0m
[0;32mI (429) app_init: ELF file SHA256:  045a4a324...[0m
[0;32mI (434) app_init: ESP-IDF:          v5.3.1-dirty[0m
[0;32mI (440) efuse_init: Min chip rev:     v0.0[0m
[0;32mI (445) efuse_init: Max chip rev:     v3.99 [0m
[0;32mI (449) efuse_init: Chip rev:         v3.1[0m
[0;32mI (455) heap_init: Initializing. RAM available for dynamic allocation:[0m
[0;32mI (462) heap_init: At 3FFAE6E0 len 00001920 (6 KiB): DRAM[0m
[0;32mI (468) heap_init: At 3FFB7ED0 len 00028130 (160 KiB): DRAM[0m
[0;32mI (474) heap_init: At 3FFE0440 len 00003AE0 (14 KiB): D/IRAM[0m
[0;32mI (480) heap_init: At 3FFE4350 len 0001BCB0 (111 KiB): D/IRAM[0m
[0;32mI (487) heap_init: At 400985DC len 00007A24 (30 KiB): IRAM[0m
[0;32mI (494) spi_flash: detected chip: generic[0m
[0;32mI (497) spi_flash: flash io: dio[0m
[0;33mW (501) spi_flash: Detected size(4096k) larger than the size in the binary image header(2048k). Using the size in the binary image header.[0m
[0;33mW (515) i2c: This driver is an old driver, please migrate your application code to adapt `driver/i2c_master.h`[0m
[0;33mW (525) ADC: legacy driver is deprecated, please migrate to `esp_adc/adc_oneshot.h`[0m
[0;32mI (534) main_task: Started on CPU0[0m
[0;32mI (544) main_task: Calling app_main()[0m
[0;32mI (564) Smoke Sensor: ESP_WIFI_MODE_STA[0m
[0;32mI (564) Smoke Sensor: Initializing Wi-Fi in STA mode...[0m
ESP_ERROR_CHECK failed: esp_err_t 0x103 (ESP_ERR_INVALID_STATE) at 0x400e19b9
file: "/IDF/components/esp_wifi/src/wifi_default.c" line 390
func: esp_netif_create_default_wifi_sta
expression: esp_wifi_set_default_wifi_sta_handlers()

abort() was called at PC 0x4008a6d7 on core 0


Backtrace: 0x40081b52:0x3ffb9ed0 0x4008a6e1:0x3ffb9ef0 0x400923b9:0x3ffb9f10 0x4008a6d7:0x3ffb9f80 0x400e19b9:0x3ffb9fb0 0x400d6fd1:0x3ffb9fe0 0x400d7280:0x3ffba1a0 0x4014f8a3:0x3ffba1d0 0x4008b22d:0x3ffba200




ELF file SHA256: 045a4a324

Rebooting...
ets Jul 29 2019 12:21:46

rst:0xc (SW_CPU_RESET),boot:0x13 (SPI_FAST_FLASH_BOOT)
configsip: 0, SPIWP:0xee
clk_drv:0x00,q_drv:0x00,d_drv:0x00,cs0_drv:0x00,hd_drv:0x00,wp_drv:0x00
mode:DIO, clock div:2
load:0x3fff0030,len:7176
load:0x40078000,len:15564
ho 0 tail 12 room 4
load:0x40080400,len:4
load:0x40080404,len:3904
entry 0x40080640
[0;32mI (31) boot: ESP-IDF v5.3.1-dirty 2nd stage bootloader[0m
[0;32mI (31) boot: compile time Nov 28 2024 18:42:47[0m
[0;32mI (31) boot: Multicore bootloader[0m
[0;32mI (36) boot: chip revision: v3.1[0m
[0;32mI (40) boot.esp32: SPI Speed      : 40MHz[0m
[0;32mI (44) boot.esp32: SPI Mode       : DIO[0m
[0;32mI (49) boot.esp32: SPI Flash Size : 2MB[0m
[0;32mI (53) boot: Enabling RNG early entropy source...[0m
[0;32mI (59) boot: Partition Table:[0m
[0;32mI (62) boot: ## Label            Usage          Type ST Offset   Length[0m
[0;32mI (70) boot:  0 nvs              WiFi data        01 02 00009000 00006000[0m
[0;32mI (77) boot:  1 phy_init         RF data          01 01 0000f000 00001000[0m
[0;32mI (85) boot:  2 factory          factory app      00 00 00010000 00100000[0m
[0;32mI (92) boot: End of partition table[0m
[0;32mI (96) esp_image: segment 0: paddr=00010020 vaddr=3f400020 size=205dch (132572) map[0m
[0;32mI (150) esp_image: segment 1: paddr=00030604 vaddr=3ffb0000 size=03ff8h ( 16376) load[0m
[0;32mI (156) esp_image: segment 2: paddr=00034604 vaddr=40080000 size=0ba14h ( 47636) load[0m
[0;32mI (175) esp_image: segment 3: paddr=00040020 vaddr=400d0020 size=81938h (530744) map[0m
[0;32mI (357) esp_image: segment 4: paddr=000c1960 vaddr=4008ba14 size=0cbc8h ( 52168) load[0m
[0;32mI (390) boot: Loaded app from partition at offset 0x10000[0m
[0;32mI (390) boot: Disabling RNG early entropy source...[0m
[0;32mI (402) cpu_start: Multicore app[0m
[0;32mI (411) cpu_start: Pro cpu start user code[0m
[0;32mI (411) cpu_start: cpu freq: 160000000 Hz[0m
[0;32mI (411) app_init: Application information:[0m
[0;32mI (414) app_init: Project name:     AirQuality[0m
[0;32mI (419) app_init: App version:      1[0m
[0;32mI (423) app_init: Compile time:     Nov 28 2024 18:42:33[0m
[0;32mI (429) app_init: ELF file SHA256:  045a4a324...[0m
[0;32mI (434) app_init: ESP-IDF:          v5.3.1-dirty[0m
[0;32mI (440) efuse_init: Min chip rev:     v0.0[0m
[0;32mI (445) efuse_init: Max chip rev:     v3.99 [0m
[0;32mI (450) efuse_init: Chip rev:         v3.1[0m
[0;32mI (455) heap_init: Initializing. RAM available for dynamic allocation:[0m
[0;32mI (462) heap_init: At 3FFAE6E0 len 00001920 (6 KiB): DRAM[0m
[0;32mI (468) heap_init: At 3FFB7ED0 len 00028130 (160 KiB): DRAM[0m
[0;32mI (474) heap_init: At 3FFE0440 len 00003AE0 (14 KiB): D/IRAM[0m
[0;32mI (480) heap_init: At 3FFE4350 len 0001BCB0 (111 KiB): D/IRAM[0m
[0;32mI (487) heap_init: At 400985DC len 00007A24 (30 KiB): IRAM[0m
[0;32mI (494) spi_flash: detected chip: generic[0m
[0;32mI (497) spi_flash: flash io: dio[0m
[0;33mW (501) spi_flash: Detected size(4096k) larger than the size in the binary image header(2048k). Using the size in the binary image header.[0m
[0;33mW (515) i2c: This driver is an old driver, please migrate your application code to adapt `driver/i2c_master.h`[0m
[0;33mW (525) ADC: legacy driver is deprecated, please migrate to `esp_adc/adc_oneshot.h`[0m
[0;32mI (534) main_task: Started on CPU0[0m
[0;32mI (544) main_task: Calling app_main()[0m
[0;32mI (564) Smoke Sensor: ESP_WIFI_MODE_STA[0m
[0;32mI (564) Smoke Sensor: Initializing Wi-Fi in STA mode...[0m
ESP_ERROR_CHECK failed: esp_err_t 0x103 (ESP_ERR_INVALID_STATE) at 0x400e19b9
file: "/IDF/components/esp_wifi/src/wifi_default.c" line 390
func: esp_netif_create_default_wifi_sta
expression: esp_wifi_set_default_wifi_sta_handlers()

abort() was called at PC 0x4008a6d7 on core 0


Backtrace: 0x40081b52:0x3ffb9ed0 0x4008a6e1:0x3ffb9ef0 0x400923b9:0x3ffb9f10 0x4008a6d7:0x3ffb9f80 0x400e19b9:0x3ffb9fb0 0x400d6fd1:0x3ffb9fe0 0x400d7280:0x3ffba1a0 0x4014f8a3:0x3ffba1d0 0x4008b22d:0x3ffba200




ELF file SHA256: 045a4a324

Rebooting...
ets Jul 29 2019 12:21:46

rst:0xc (SW_CPU_RESET),boot:0x13 (SPI_FAST_FLASH_BOOT)
configsip: 0, SPIWP:0xee
clk_drv:0x00,q_drv:0x00,d_drv:0x00,cs0_drv:0x00,hd_drv:0x00,wp_drv:0x00
mode:DIO, clock div:2
load:0x3fff0030,len:7176
load:0x40078000,len:15564
ho 0 tail 12 room 4
load:0x40080400,len:4
load:0x40080404,len:3904
entry 0x40080640
[0;32mI (31) boot: ESP-IDF v5.3.1-dirty 2nd stage bootloader[0m
[0;32mI (31) boot: compile time Nov 28 2024 18:42:47[0m
[0;32mI (31) boot: Multicore bootloader[0m
[0;32mI (36) boot: chip revision: v3.1[0m
[0;32mI (40) boot.esp32: SPI Speed      : 40MHz[0m
[0;32mI (44) boot.esp32: SPI Mode       : DIO[0m
[0;32mI (49) boot.esp32: SPI Flash Size : 2MB[0m
[0;32mI (53) boot: Enabling RNG early entropy source...[0m
[0;32mI (59) boot: Partition Table:[0m
[0;32mI (62) boot: ## Label            Usage          Type ST Offset   Length[0m
[0;32mI (70) boot:  0 nvs              WiFi data        01 02 00009000 00006000[0m
[0;32mI (77) boot:  1 phy_init         RF data          01 01 0000f000 00001000[0m
[0;32mI (85) boot:  2 factory          factory app      00 00 00010000 00100000[0m
[0;32mI (92) boot: End of partition table[0m
[0;32mI (96) esp_image: segment 0: paddr=00010020 vaddr=3f400020 size=205dch (132572) map[0m
[0;32mI (150) esp_image: segment 1: paddr=00030604 vaddr=3ffb0000 size=03ff8h ( 16376) load[0m
[0;32mI (156) esp_image: segment 2: paddr=00034604 vaddr=40080000 size=0ba14h ( 47636) load[0m
[0;32mI (175) esp_image: segment 3: paddr=00040020 vaddr=400d0020 size=81938h (530744) map[0m
[0;32mI (357) esp_image: segment 4: paddr=000c1960 vaddr=4008ba14 size=0cbc8h ( 52168) load[0m
[0;32mI (390) boot: Loaded app from partition at offset 0x10000[0m
[0;32mI (390) boot: Disabling RNG early entropy source...[0m
[0;32mI (402) cpu_start: Multicore app[0m
[0;32mI (411) cpu_start: Pro cpu start user code[0m
[0;32mI (411) cpu_start: cpu freq: 160000000 Hz[0m
[0;32mI (411) app_init: Application information:[0m
[0;32mI (414) app_init: Project name:     AirQuality[0m
[0;32mI (419) app_init: App version:      1[0m
[0;32mI (423) app_init: Compile time:     Nov 28 2024 18:42:33[0m
[0;32mI (429) app_init: ELF file SHA256:  045a4a324...[0m
[0;32mI (434) app_init: ESP-IDF:          v5.3.1-dirty[0m
[0;32mI (440) efuse_init: Min chip rev:     v0.0[0m
[0;32mI (445) efuse_init: Max chip rev:     v3.99 [0m
[0;32mI (450) efuse_init: Chip rev:         v3.1[0m
[0;32mI (455) heap_init: Initializing. RAM available for dynamic allocation:[0m
[0;32mI (462) heap_init: At 3FFAE6E0 len 00001920 (6 KiB): DRAM[0m
[0;32mI (468) heap_init: At 3FFB7ED0 len 00028130 (160 KiB): DRAM[0m
[0;32mI (474) heap_init: At 3FFE0440 len 00003AE0 (14 KiB): D/IRAM[0m
[0;32mI (480) heap_init: At 3FFE4350 len 0001BCB0 (111 KiB): D/IRAM[0m
[0;32mI (487) heap_init: At 400985DC len 00007A24 (30 KiB): IRAM[0m
[0;32mI (494) spi_flash: detected chip: generic[0m
[0;32mI (497) spi_flash: flash io: dio[0m
[0;33mW (501) spi_flash: Detected size(4096k) larger than the size in the binary image header(2048k). Using the size in the binary image header.[0m
[0;33mW (515) i2c: This driver is an old driver, please migrate your application code to adapt `driver/i2c_master.h`[0m
[0;33mW (525) ADC: legacy driver is deprecated, please migrate to `esp_adc/adc_oneshot.h`[0m
[0;32mI (534) main_task: Started on CPU0[0m
[0;32mI (544) main_task: Calling app_main()[0m
[0;32mI (564) Smoke Sensor: ESP_WIFI_MODE_STA[0m
[0;32mI (564) Smoke Sensor: Initializing Wi-Fi in STA mode...[0m
ESP_ERROR_CHECK failed: esp_err_t 0x103 (ESP_ERR_INVALID_STATE) at 0x400e19b9
file: "/IDF/components/esp_wifi/src/wifi_default.c" line 390
func: esp_netif_create_default_wifi_sta
expression: esp_wifi_set_default_wifi_sta_handlers()

abort() was called at PC 0x4008a6d7 on core 0


Backtrace: 0x40081b52:0x3ffb9ed0 0x4008a6e1:0x3ffb9ef0 0x400923b9:0x3ffb9f10 0x4008a6d7:0x3ffb9f80 0x400e19b9:0x3ffb9fb0 0x400d6fd1:0x3ffb9fe0 0x400d7280:0x3ffba1a0 0x4014f8a3:0x3ffba1d0 0x4008b22d:0x3ffba200




ELF file SHA256: 045a4a324

Rebooting...
ets Jul 29 2019 12:21:46

rst:0xc (SW_CPU_RESET),boot:0x13 (SPI_FAST_FLASH_BOOT)
configsip: 0, SPIWP:0xee
clk_drv:0x00,q_drv:0x00,d_drv:0x00,cs0_drv:0x00,hd_drv:0x00,wp_drv:0x00
mode:DIO, clock div:2
load:0x3fff0030,len:7176
load:0x40078000,len:15564
ho 0 tail 12 room 4
load:0x40080400,len:4
load:0x40080404,len:3904
entry 0x40080640
[0;32mI (31) boot: ESP-IDF v5.3.1-dirty 2nd stage bootloader[0m
[0;32mI (31) boot: compile time Nov 28 2024 18:42:47[0m
[0;32mI (31) boot: Multicore bootloader[0m
[0;32mI (36) boot: chip revision: v3.1[0m
[0;32mI (40) boot.esp32: SPI Speed      : 40MHz[0m
[0;32mI (44) boot.esp32: SPI Mode       : DIO[0m
[0;32mI (49) boot.esp32: SPI Flash Size : 2MB[0m
[0;32mI (53) boot: Enabling RNG early entropy source...[0m
[0;32mI (59) boot: Partition Table:[0m
[0;32mI (62) boot: ## Label            Usage          Type ST Offset   Length[0m
[0;32mI (70) boot:  0 nvs              WiFi data        01 02 00009000 00006000[0m
[0;32mI (77) boot:  1 phy_init         RF data          01 01 0000f000 00001000[0m
[0;32mI (85) boot:  2 factory          factory app      00 00 00010000 00100000[0m
[0;32mI (92) boot: End of partition table[0m
[0;32mI (96) esp_image: segment 0: paddr=00010020 vaddr=3f400020 size=205dch (132572) map[0m
[0;32mI (150) esp_image: segment 1: paddr=00030604 vaddr=3ffb0000 size=03ff8h ( 16376) load[0m
[0;32mI (156) esp_image: segment 2: paddr=00034604 vaddr=40080000 size=0ba14h ( 47636) load[0m
[0;32mI (175) esp_image: segment 3: paddr=00040020 vaddr=400d0020 size=81938h (530744) map[0m
[0;32mI (357) esp_image: segment 4: paddr=000c1960 vaddr=4008ba14 size=0cbc8h ( 52168) load[0m
[0;32mI (390) boot: Loaded app from partition at offset 0x10000[0m
[0;32mI (390) boot: Disabling RNG early entropy source...[0m
[0;32mI (402) cpu_start: Multicore app[0m
[0;32mI (411) cpu_start: Pro cpu start user code[0m
[0;32mI (411) cpu_start: cpu freq: 160000000 Hz[0m
[0;32mI (411) app_init: Application information:[0m
[0;32mI (414) app_init: Project name:     AirQuality[0m
[0;32mI (419) app_init: App version:      1[0m
[0;32mI (423) app_init: Compile time:     Nov 28 2024 18:42:33[0m
[0;32mI (429) app_init: ELF file SHA256:  045a4a324...[0m
[0;32mI (434) app_init: ESP-IDF:          v5.3.1-dirty[0m
[0;32mI (440) efuse_init: Min chip rev:     v0.0[0m
[0;32mI (445) efuse_init: Max chip rev:     v3.99 [0m
[0;32mI (450) efuse_init: Chip rev:         v3.1[0m
[0;32mI (455) heap_init: Initializing. RAM available for dynamic allocation:[0m
[0;32mI (462) heap_init: At 3FFAE6E0 len 00001920 (6 KiB): DRAM[0m
[0;32mI (468) heap_init: At 3FFB7ED0 len 00028130 (160 KiB): DRAM[0m
[0;32mI (474) heap_init: At 3FFE0440 len 00003AE0 (14 KiB): D/IRAM[0m
[0;32mI (480) heap_init: At 3FFE4350 len 0001BCB0 (111 KiB): D/IRAM[0m
[0;32mI (487) heap_init: At 400985DC len 00007A24 (30 KiB): IRAM[0m
[0;32mI (494) spi_flash: detected chip: generic[0m
[0;32mI (497) spi_flash: flash io: dio[0m
[0;33mW (501) spi_flash: Detected size(4096k) larger than the size in the binary image header(2048k). Using the size in the binary image header.[0m
[0;33mW (515) i2c: This driver is an old driver, please migrate your application code to adapt `driver/i2c_master.h`[0m
[0;33mW (525) ADC: legacy driver is deprecated, please migrate to `esp_adc/adc_oneshot.h`[0m
[0;32mI (534) main_task: Started on CPU0[0m
[0;32mI (544) main_task: Calling app_main()[0m
[0;32mI (564) Smoke Sensor: ESP_WIFI_MODE_STA[0m
[0;32mI (564) Smoke Sensor: Initializing Wi-Fi in STA mode...[0m
ESP_ERROR_CHECK failed: esp_err_t 0x103 (ESP_ERR_INVALID_STATE) at 0x400e19b9
file: "/IDF/components/esp_wifi/src/wifi_default.c" line 390
func: esp_netif_create_default_wifi_sta
expression: esp_wifi_set_default_wifi_sta_handlers()

abort() was called at PC 0x4008a6d7 on core 0


Backtrace: 0x40081b52:0x3ffb9ed0 0x4008a6e1:0x3ffb9ef0 0x400923b9:0x3ffb9f10 0x4008a6d7:0x3ffb9f80 0x400e19b9:0x3ffb9fb0 0x400d6fd1:0x3ffb9fe0 0x400d7280:0x3ffba1a0 0x4014f8a3:0x3ffba1d0 0x4008b22d:0x3ffba200




ELF file SHA256: 045a4a324

Rebooting...
ets Jul 29 2019 12:21:46

rst:0xc (SW_CPU_RESET),boot:0x13 (SPI_FAST_FLASH_BOOT)
configsip: 0, SPIWP:0xee
clk_drv:0x00,q_drv:0x00,d_drv:0x00,cs0_drv:0x00,hd_drv:0x00,wp_drv:0x00
mode:DIO, clock div:2
load:0x3fff0030,len:7176
load:0x40078000,len:15564
ho 0 tail 12 room 4
load:0x40080400,len:4
load:0x40080404,len:3904
entry 0x40080640
[0;32mI (31) boot: ESP-IDF v5.3.1-dirty 2nd stage bootloader[0m
[0;32mI (31) boot: compile time Nov 28 2024 18:42:47[0m
[0;32mI (31) boot: Multicore bootloader[0m
[0;32mI (36) boot: chip revision: v3.1[0m
[0;32mI (40) boot.esp32: SPI Speed      : 40MHz[0m
[0;32mI (44) boot.esp32: SPI Mode       : DIO[0m
[0;32mI (49) boot.esp32: SPI Flash Size : 2MB[0m
[0;32mI (53) boot: Enabling RNG early entropy source...[0m
[0;32mI (59) boot: Partition Table:[0m
[0;32mI (62) boot: ## Label            Usage          Type ST Offset   Length[0m
[0;32mI (70) boot:  0 nvs              WiFi data        01 02 00009000 00006000[0m
[0;32mI (77) boot:  1 phy_init         RF data          01 01 0000f000 00001000[0m
[0;32mI (85) boot:  2 factory          factory app      00 00 00010000 00100000[0m
[0;32mI (92) boot: End of partition table[0m
[0;32mI (96) esp_image: segment 0: paddr=00010020 vaddr=3f400020 size=205dch (132572) map[0m
[0;32mI (150) esp_image: segment 1: paddr=00030604 vaddr=3ffb0000 size=03ff8h ( 16376) load[0m
[0;32mI (156) esp_image: segment 2: paddr=00034604 vaddr=40080000 size=0ba14h ( 47636) load[0m
[0;32mI (175) esp_image: segment 3: paddr=00040020 vaddr=400d0020 size=81938h (530744) map[0m
[0;32mI (357) esp_image: segment 4: paddr=000c1960 vaddr=4008ba14 size=0cbc8h ( 52168) load[0m
[0;32mI (390) boot: Loaded app from partition at offset 0x10000[0m
[0;32mI (390) boot: Disabling RNG early entropy source...[0m
[0;32mI (402) cpu_start: Multicore app[0m
[0;32mI (411) cpu_start: Pro cpu start user code[0m
[0;32mI (411) cpu_start: cpu freq: 160000000 Hz[0m
[0;32mI (411) app_init: Application information:[0m
[0;32mI (414) app_init: Project name:     AirQuality[0m
[0;32mI (419) app_init: App version:      1[0m
[0;32mI (423) app_init: Compile time:     Nov 28 2024 18:42:33[0m
[0;32mI (429) app_init: ELF file SHA256:  045a4a324...[0m
[0;32mI (434) app_init: ESP-IDF:          v5.3.1-dirty[0m
[0;32mI (440) efuse_init: Min chip rev:     v0.0[0m
[0;32mI (445) efuse_init: Max chip rev:     v3.99 [0m
[0;32mI (450) efuse_init: Chip rev:         v3.1[0m
[0;32mI (455) heap_init: Initializing. RAM available for dynamic allocation:[0m
[0;32mI (462) heap_init: At 3FFAE6E0 len 00001920 (6 KiB): DRAM[0m
[0;32mI (468) heap_init: At 3FFB7ED0 len 00028130 (160 KiB): DRAM[0m
[0;32mI (474) heap_init: At 3FFE0440 len 00003AE0 (14 KiB): D/IRAM[0m
[0;32mI (480) heap_init: At 3FFE4350 len 0001BCB0 (111 KiB): D/IRAM[0m
[0;32mI (487) heap_init: At 400985DC len 00007A24 (30 KiB): IRAM[0m
[0;32mI (494) spi_flash: detected chip: generic[0m
[0;32mI (497) spi_flash: flash io: dio[0m
[0;33mW (501) spi_flash: Detected size(4096k) larger than the size in the binary image header(2048k). Using the size in the binary image header.[0m
[0;33mW (515) i2c: This driver is an old driver, please migrate your application code to adapt `driver/i2c_master.h`[0m
[0;33mW (525) ADC: legacy driver is deprecated, please migrate to `esp_adc/adc_oneshot.h`[0m
[0;32mI (534) main_task: Started on CPU0[0m
[0;32mI (544) main_task: Calling app_main()[0m
[0;32mI (564) Smoke Sensor: ESP_WIFI_MODE_STA[0m
[0;32mI (564) Smoke Sensor: Initializing Wi-Fi in STA mode...[0m
ESP_ERROR_CHECK failed: esp_err_t 0x103 (ESP_ERR_INVALID_STATE) at 0x400e19b9
file: "/IDF/components/esp_wifi/src/wifi_default.c" line 390
func: esp_netif_create_default_wifi_sta
expression: esp_wifi_set_default_wifi_sta_handlers()

abort() was called at PC 0x4008a6d7 on core 0


Backtrace: 0x40081b52:0x3ffb9ed0 0x4008a6e1:0x3ffb9ef0 0x400923b9:0x3ffb9f10 0x4008a6d7:0x3ffb9f80 0x400e19b9:0x3ffb9fb0 0x400d6fd1:0x3ffb9fe0 0x400d7280:0x3ffba1a0 0x4014f8a3:0x3ffba1d0 0x4008b22d:0x3ffba200




ELF file SHA256: 045a4a324

Rebooting...
ets Jul 29 2019 12:21:46

rst:0xc (SW_CPU_RESET),boot:0x13 (SPI_FAST_FLASH_BOOT)
configsip: 0, SPIWP:0xee
clk_drv:0x00,q_drv:0x00,d_drv:0x00,cs0_drv:0x00,hd_drv:0x00,wp_drv:0x00
mode:DIO, clock div:2
load:0x3fff0030,len:7176
load:0x40078000,len:15564
ho 0 tail 12 room 4
load:0x40080400,len:4
load:0x40080404,len:3904
entry 0x40080640
[0;32mI (31) boot: ESP-IDF v5.3.1-dirty 2nd stage bootloader[0m
[0;32mI (31) boot: compile time Nov 28 2024 18:42:47[0m
[0;32mI (31) boot: Multicore bootloader[0m
[0;32mI (36) boot: chip revision: v3.1[0m
[0;32mI (40) boot.esp32: SPI Speed      : 40MHz[0m
[0;32mI (44) boot.esp32: SPI Mode       : DIO[0m
[0;32mI (49) boot.esp32: SPI Flash Size : 2MB[0m
[0;32mI (53) boot: Enabling RNG early entropy source...[0m
[0;32mI (59) boot: Partition Table:[0m
[0;32mI (62) boot: ## Label            Usage          Type ST Offset   Length[0m
[0;32mI (70) boot:  0 nvs              WiFi data        01 02 00009000 00006000[0m
[0;32mI (77) boot:  1 phy_init         RF data          01 01 0000f000 00001000[0m
[0;32mI (85) boot:  2 factory          factory app      00 00 00010000 00100000[0m
[0;32mI (92) boot: End of partition table[0m
[0;32mI (96) esp_image: segment 0: paddr=00010020 vaddr=3f400020 size=205dch (132572) map[0m
[0;32mI (150) esp_image: segment 1: paddr=00030604 vaddr=3ffb0000 size=03ff8h ( 16376) load[0m
[0;32mI (156) esp_image: segment 2: paddr=00034604 vaddr=40080000 size=0ba14h ( 47636) load[0m
[0;32mI (175) esp_image: segment 3: paddr=00040020 vaddr=400d0020 size=81938h (530744) map[0m
[0;32mI (357) esp_image: segment 4: paddr=000c1960 vaddr=4008ba14 size=0cbc8h ( 52168) load[0m
[0;32mI (390) boot: Loaded app from partition at offset 0x10000[0m
[0;32mI (390) boot: Disabling RNG early entropy source...[0m
[0;32mI (402) cpu_start: Multicore app[0m
[0;32mI (411) cpu_start: Pro cpu start user code[0m
[0;32mI (411) cpu_start: cpu freq: 160000000 Hz[0m
[0;32mI (411) app_init: Application information:[0m
[0;32mI (414) app_init: Project name:     AirQuality[0m
[0;32mI (419) app_init: App version:      1[0m
[0;32mI (423) app_init: Compile time:     Nov 28 2024 18:42:33[0m
[0;32mI (429) app_init: ELF file SHA256:  045a4a324...[0m
[0;32mI (434) app_init: ESP-IDF:          v5.3.1-dirty[0m
[0;32mI (440) efuse_init: Min chip rev:     v0.0[0m
[0;32mI (445) efuse_init: Max chip rev:     v3.99 [0m
[0;32mI (450) efuse_init: Chip rev:         v3.1[0m
[0;32mI (455) heap_init: Initializing. RAM available for dynamic allocation:[0m
[0;32mI (462) heap_init: At 3FFAE6E0 len 00001920 (6 KiB): DRAM[0m
[0;32mI (468) heap_init: At 3FFB7ED0 len 00028130 (160 KiB): DRAM[0m
[0;32mI (474) heap_init: At 3FFE0440 len 00003AE0 (14 KiB): D/IRAM[0m
[0;32mI (480) heap_init: At 3FFE4350 len 0001BCB0 (111 KiB): D/IRAM[0m
[0;32mI (487) heap_init: At 400985DC len 00007A24 (30 KiB): IRAM[0m
[0;32mI (494) spi_flash: detected chip: generic[0m
[0;32mI (497) spi_flash: flash io: dio[0m
[0;33mW (501) spi_flash: Detected size(4096k) larger than the size in the binary image header(2048k). Using the size in the binary image header.[0m
[0;33mW (515) i2c: This driver is an old driver, please migrate your application code to adapt `driver/i2c_master.h`[0m
[0;33mW (525) ADC: legacy driver is deprecated, please migrate to `esp_adc/adc_oneshot.h`[0m
[0;32mI (534) main_task: Started on CPU0[0m
[0;32mI (544) main_task: Calling app_main()[0m
[0;32mI (564) Smoke Sensor: ESP_WIFI_MODE_STA[0m
[0;32mI (564) Smoke Sensor: Initializing Wi-Fi in STA mode...[0m
ESP_ERROR_CHECK failed: esp_err_t 0x103 (ESP_ERR_INVALID_STATE) at 0x400e19b9
file: "/IDF/components/esp_wifi/src/wifi_default.c" line 390
func: esp_netif_create_default_wifi_sta
expression: esp_wifi_set_default_wifi_sta_handlers()

abort() was called at PC 0x4008a6d7 on core 0


Backtrace: 0x40081b52:0x3ffb9ed0 0x4008a6e1:0x3ffb9ef0 0x400923b9:0x3ffb9f10 0x4008a6d7:0x3ffb9f80 0x400e19b9:0x3ffb9fb0 0x400d6fd1:0x3ffb9fe0 0x400d7280:0x3ffba1a0 0x4014f8a3:0x3ffba1d0 0x4008b22d:0x3ffba200




ELF file SHA256: 045a4a324

Rebooting...
ets Jul 29 2019 12:21:46

rst:0xc (SW_CPU_RESET),boot:0x13 (SPI_FAST_FLASH_BOOT)
configsip: 0, SPIWP:0xee
clk_drv:0x00,q_drv:0x00,d_drv:0x00,cs0_drv:0x00,hd_drv:0x00,wp_drv:0x00
mode:DIO, clock div:2
load:0x3fff0030,len:7176
load:0x40078000,len:15564
ho 0 tail 12 room 4
load:0x40080400,len:4
load:0x40080404,len:3904
entry 0x40080640
[0;32mI (31) boot: ESP-IDF v5.3.1-dirty 2nd stage bootloader[0m
[0;32mI (31) boot: compile time Nov 28 2024 18:42:47[0m
[0;32mI (31) boot: Multicore bootloader[0m
[0;32mI (36) boot: chip revision: v3.1[0m
[0;32mI (40) boot.esp32: SPI Speed      : 40MHz[0m
[0;32mI (44) boot.esp32: SPI Mode       : DIO[0m
[0;32mI (49) boot.esp32: SPI Flash Size : 2MB[0m
[0;32mI (53) boot: Enabling RNG early entropy source...[0m
[0;32mI (59) boot: Partition Table:[0m
[0;32mI (62) boot: ## Label            Usage          Type ST Offset   Length[0m
[0;32mI (70) boot:  0 nvs              WiFi data        01 02 00009000 00006000[0m
[0;32mI (77) boot:  1 phy_init         RF data          01 01 0000f000 00001000[0m
[0;32mI (85) boot:  2 factory          factory app      00 00 00010000 00100000[0m
[0;32mI (92) boot: End of partition table[0m
[0;32mI (96) esp_image: segment 0: paddr=00010020 vaddr=3f400020 size=205dch (132572) map[0m
[0;32mI (150) esp_image: segment 1: paddr=00030604 vaddr=3ffb0000 size=03ff8h ( 16376) load[0m
[0;32mI (156) esp_image: segment 2: paddr=00034604 vaddr=40080000 size=0ba14h ( 47636) load[0m
[0;32mI (175) esp_image: segment 3: paddr=00040020 vaddr=400d0020 size=81938h (530744) map[0m
[0;32mI (357) esp_image: segment 4: paddr=000c1960 vaddr=4008ba14 size=0cbc8h ( 52168) load[0m
[0;32mI (390) boot: Loaded app from partition at offset 0x10000[0m
[0;32mI (390) boot: Disabling RNG early entropy source...[0m
[0;32mI (402) cpu_start: Multicore app[0m
[0;32mI (411) cpu_start: Pro cpu start user code[0m
[0;32mI (411) cpu_start: cpu freq: 160000000 Hz[0m
[0;32mI (411) app_init: Application information:[0m
[0;32mI (414) app_init: Project name:     AirQuality[0m
[0;32mI (419) app_init: App version:      1[0m
[0;32mI (423) app_init: Compile time:     Nov 28 2024 18:42:33[0m
[0;32mI (429) app_init: ELF file SHA256:  045a4a324...[0m
[0;32mI (434) app_init: ESP-IDF:          v5.3.1-dirty[0m
[0;32mI (440) efuse_init: Min chip rev:     v0.0[0m
[0;32mI (445) efuse_init: Max chip rev:     v3.99 [0m
[0;32mI (450) efuse_init: Chip rev:         v3.1[0m
[0;32mI (455) heap_init: Initializing. RAM available for dynamic allocation:[0m
[0;32mI (462) heap_init: At 3FFAE6E0 len 00001920 (6 KiB): DRAM[0m
[0;32mI (468) heap_init: At 3FFB7ED0 len 00028130 (160 KiB): DRAM[0m
[0;32mI (474) heap_init: At 3FFE0440 len 00003AE0 (14 KiB): D/IRAM[0m
[0;32mI (480) heap_init: At 3FFE4350 len 0001BCB0 (111 KiB): D/IRAM[0m
[0;32mI (487) heap_init: At 400985DC len 00007A24 (30 KiB): IRAM[0m
[0;32mI (494) spi_flash: detected chip: generic[0m
[0;32mI (497) spi_flash: flash io: dio[0m
[0;33mW (501) spi_flash: Detected size(4096k) larger than the size in the binary image header(2048k). Using the size in the binary image header.[0m
[0;33mW (515) i2c: This driver is an old driver, please migrate your application code to adapt `driver/i2c_master.h`[0m
[0;33mW (525) ADC: legacy driver is deprecated, please migrate to `esp_adc/adc_oneshot.h`[0m
[0;32mI (534) main_task: Started on CPU0[0m
[0;32mI (544) main_task: Calling app_main()[0m
[0;32mI (564) Smoke Sensor: ESP_WIFI_MODE_STA[0m
[0;32mI (564) Smoke Sensor: Initializing Wi-Fi in STA mode...[0m
ESP_ERROR_CHECK failed: esp_err_t 0x103 (ESP_ERR_INVALID_STATE) at 0x400e19b9
file: "/IDF/components/esp_wifi/src/wifi_default.c" line 390
func: esp_netif_create_default_wifi_sta
expression: esp_wifi_set_default_wifi_sta_handlers()

abort() was called at PC 0x4008a6d7 on core 0


Backtrace: 0x40081b52:0x3ffb9ed0 0x4008a6e1:0x3ffb9ef0 0x400923b9:0x3ffb9f10 0x4008a6d7:0x3ffb9f80 0x400e19b9:0x3ffb9fb0 0x400d6fd1:0x3ffb9fe0 0x400d7280:0x3ffba1a0 0x4014f8a3:0x3ffba1d0 0x4008b22d:0x3ffba200




ELF file SHA256: 045a4a324

Rebooting...
ets Jul 29 2019 12:21:46

rst:0xc (SW_CPU_RESET),boot:0x13 (SPI_FAST_FLASH_BOOT)
configsip: 0, SPIWP:0xee
clk_drv:0x00,q_drv:0x00,d_drv:0x00,cs0_drv:0x00,hd_drv:0x00,wp_drv:0x00
mode:DIO, clock div:2
load:0x3fff0030,len:7176
load:0x40078000,len:15564
ho 0 tail 12 room 4
load:0x40080400,len:4
load:0x40080404,len:3904
entry 0x40080640
[0;32mI (31) boot: ESP-IDF v5.3.1-dirty 2nd stage bootloader[0m
[0;32mI (31) boot: compile time Nov 28 2024 18:42:47[0m
[0;32mI (31) boot: Multicore bootloader[0m
[0;32mI (36) boot: chip revision: v3.1[0m
[0;32mI (40) boot.esp32: SPI Speed      : 40MHz[0m
[0;32mI (44) boot.esp32: SPI Mode       : DIO[0m
[0;32mI (49) boot.esp32: SPI Flash Size : 2MB[0m
[0;32mI (53) boot: Enabling RNG early entropy source...[0m
[0;32mI (59) boot: Partition Table:[0m
[0;32mI (62) boot: ## Label            Usage          Type ST Offset   Length[0m
[0;32mI (70) boot:  0 nvs              WiFi data        01 02 00009000 00006000[0m
[0;32mI (77) boot:  1 phy_init         RF data          01 01 0000f000 00001000[0m
[0;32mI (85) boot:  2 factory          factory app      00 00 00010000 00100000[0m
[0;32mI (92) boot: End of partition table[0m
[0;32mI (96) esp_image: segment 0: paddr=00010020 vaddr=3f400020 size=205dch (132572) map[0m
[0;32mI (150) esp_image: segment 1: paddr=00030604 vaddr=3ffb0000 size=03ff8h ( 16376) load[0m
[0;32mI (156) esp_image: segment 2: paddr=00034604 vaddr=40080000 size=0ba14h ( 47636) load[0m
[0;32mI (175) esp_image: segment 3: paddr=00040020 vaddr=400d0020 size=81938h (530744) map[0m
[0;32mI (357) esp_image: segment 4: paddr=000c1960 vaddr=4008ba14 size=0cbc8h ( 52168) load[0m
[0;32mI (390) boot: Loaded app from partition at offset 0x10000[0m
[0;32mI (390) boot: Disabling RNG early entropy source...[0m
[0;32mI (402) cpu_start: Multicore app[0m
[0;32mI (411) cpu_start: Pro cpu start user code[0m
[0;32mI (411) cpu_start: cpu freq: 160000000 Hz[0m
[0;32mI (411) app_init: Application information:[0m
[0;32mI (414) app_init: Project name:     AirQuality[0m
[0;32mI (419) app_init: App version:      1[0m
[0;32mI (423) app_init: Compile time:     Nov 28 2024 18:42:33[0m
[0;32mI (429) app_init: ELF file SHA256:  045a4a324...[0m
[0;32mI (434) app_init: ESP-IDF:          v5.3.1-dirty[0m
[0;32mI (440) efuse_init: Min chip rev:     v0.0[0m
[0;32mI (445) efuse_init: Max chip rev:     v3.99 [0m
[0;32mI (450) efuse_init: Chip rev:         v3.1[0m
[0;32mI (455) heap_init: Initializing. RAM available for dynamic allocation:[0m
[0;32mI (462) heap_init: At 3FFAE6E0 len 00001920 (6 KiB): DRAM[0m
[0;32mI (468) heap_init: At 3FFB7ED0 len 00028130 (160 KiB): DRAM[0m
[0;32mI (474) heap_init: At 3FFE0440 len 00003AE0 (14 KiB): D/IRAM[0m
[0;32mI (480) heap_init: At 3FFE4350 len 0001BCB0 (111 KiB): D/IRAM[0m
[0;32mI (487) heap_init: At 400985DC len 00007A24 (30 KiB): IRAM[0m
[0;32mI (494) spi_flash: detected chip: generic[0m
[0;32mI (497) spi_flash: flash io: dio[0m
[0;33mW (501) spi_flash: Detected size(4096k) larger than the size in the binary image header(2048k). Using the size in the binary image header.[0m
[0;33mW (515) i2c: This driver is an old driver, please migrate your application code to adapt `driver/i2c_master.h`[0m
[0;33mW (525) ADC: legacy driver is deprecated, please migrate to `esp_adc/adc_oneshot.h`[0m
[0;32mI (534) main_task: Started on CPU0[0m
[0;32mI (544) main_task: Calling app_main()[0m
[0;32mI (564) Smoke Sensor: ESP_WIFI_MODE_STA[0m
[0;32mI (564) Smoke Sensor: Initializing Wi-Fi in STA mode...[0m
ESP_ERROR_CHECK failed: esp_err_t 0x103 (ESP_ERR_INVALID_STATE) at 0x400e19b9
file: "/IDF/components/esp_wifi/src/wifi_default.c" line 390
func: esp_netif_create_default_wifi_sta
expression: esp_wifi_set_default_wifi_sta_handlers()

abort() was called at PC 0x4008a6d7 on core 0


Backtrace: 0x40081b52:0x3ffb9ed0 0x4008a6e1:0x3ffb9ef0 0x400923b9:0x3ffb9f10 0x4008a6d7:0x3ffb9f80 0x400e19b9:0x3ffb9fb0 0x400d6fd1:0x3ffb9fe0 0x400d7280:0x3ffba1a0 0x4014f8a3:0x3ffba1d0 0x4008b22d:0x3ffba200




ELF file SHA256: 045a4a324

Rebooting...
ets Jul 29 2019 12:21:46

rst:0xc (SW_CPU_RESET),boot:0x13 (SPI_FAST_FLASH_BOOT)
configsip: 0, SPIWP:0xee
clk_drv:0x00,q_drv:0x00,d_drv:0x00,cs0_drv:0x00,hd_drv:0x00,wp_drv:0x00
mode:DIO, clock div:2
load:0x3fff0030,len:7176
load:0x40078000,len:15564
ho 0 tail 12 room 4
load:0x40080400,len:4
load:0x40080404,len:3904
entry 0x40080640
[0;32mI (31) boot: ESP-IDF v5.3.1-dirty 2nd stage bootloader[0m
[0;32mI (31) boot: compile time Nov 28 2024 18:42:47[0m
[0;32mI (31) boot: Multicore bootloader[0m
[0;32mI (36) boot: chip revision: v3.1[0m
[0;32mI (40) boot.esp32: SPI Speed      : 40MHz[0m
[0;32mI (44) boot.esp32: SPI Mode       : DIO[0m
[0;32mI (49) boot.esp32: SPI Flash Size : 2MB[0m
[0;32mI (53) boot: Enabling RNG early entropy source...[0m
[0;32mI (59) boot: Partition Table:[0m
[0;32mI (62) boot: ## Label            Usage          Type ST Offset   Length[0m
[0;32mI (70) boot:  0 nvs              WiFi data        01 02 00009000 00006000[0m
[0;32mI (77) boot:  1 phy_init         RF data          01 01 0000f000 00001000[0m
[0;32mI (85) boot:  2 factory          factory app      00 00 00010000 00100000[0m
[0;32mI (92) boot: End of partition table[0m
[0;32mI (96) esp_image: segment 0: paddr=00010020 vaddr=3f400020 size=205dch (132572) map[0m
[0;32mI (150) esp_image: segment 1: paddr=00030604 vaddr=3ffb0000 size=03ff8h ( 16376) load[0m
[0;32mI (156) esp_image: segment 2: paddr=00034604 vaddr=40080000 size=0ba14h ( 47636) load[0m
[0;32mI (175) esp_image: segment 3: paddr=00040020 vaddr=400d0020 size=81938h (530744) map[0m
[0;32mI (357) esp_image: segment 4: paddr=000c1960 vaddr=4008ba14 size=0cbc8h ( 52168) load[0m
[0;32mI (390) boot: Loaded app from partition at offset 0x10000[0m
[0;32mI (390) boot: Disabling RNG early entropy source...[0m
[0;32mI (402) cpu_start: Multicore app[0m
[0;32mI (411) cpu_start: Pro cpu start user code[0m
[0;32mI (411) cpu_start: cpu freq: 160000000 Hz[0m
[0;32mI (411) app_init: Application information:[0m
[0;32mI (414) app_init: Project name:     AirQuality[0m
[0;32mI (419) app_init: App version:      1[0m
[0;32mI (423) app_init: Compile time:     Nov 28 2024 18:42:33[0m
[0;32mI (429) app_init: ELF file SHA256:  045a4a324...[0m
[0;32mI (434) app_init: ESP-IDF:          v5.3.1-dirty[0m
[0;32mI (440) efuse_init: Min chip rev:     v0.0[0m
[0;32mI (445) efuse_init: Max chip rev:     v3.99 [0m
[0;32mI (450) efuse_init: Chip rev:         v3.1[0m
[0;32mI (455) heap_init: Initializing. RAM available for dynamic allocation:[0m
[0;32mI (462) heap_init: At 3FFAE6E0 len 00001920 (6 KiB): DRAM[0m
[0;32mI (468) heap_init: At 3FFB7ED0 len 00028130 (160 KiB): DRAM[0m
[0;32mI (474) heap_init: At 3FFE0440 len 00003AE0 (14 KiB): D/IRAM[0m
[0;32mI (480) heap_init: At 3FFE4350 len 0001BCB0 (111 KiB): D/IRAM[0m
[0;32mI (487) heap_init: At 400985DC len 00007A24 (30 KiB): IRAM[0m
[0;32mI (494) spi_flash: detected chip: generic[0m
[0;32mI (497) spi_flash: flash io: dio[0m
[0;33mW (501) spi_flash: Detected size(4096k) larger than the size in the binary image header(2048k). Using the size in the binary image header.[0m
[0;33mW (515) i2c: This driver is an old driver, please migrate your application code to adapt `driver/i2c_master.h`[0m
[0;33mW (525) ADC: legacy driver is deprecated, please migrate to `esp_adc/adc_oneshot.h`[0m
[0;32mI (534) main_task: Started on CPU0[0m
[0;32mI (544) main_task: Calling app_main()[0m
[0;32mI (564) Smoke Sensor: ESP_WIFI_MODE_STA[0m
[0;32mI (564) Smoke Sensor: Initializing Wi-Fi in STA mode...[0m
ESP_ERROR_CHECK failed: esp_err_t 0x103 (ESP_ERR_INVALID_STATE) at 0x400e19b9
file: "/IDF/components/esp_wifi/src/wifi_default.c" line 390
func: esp_netif_create_default_wifi_sta
expression: esp_wifi_set_default_wifi_sta_handlers()

abort() was called at PC 0x4008a6d7 on core 0


Backtrace: 0x40081b52:0x3ffb9ed0 0x4008a6e1:0x3ffb9ef0 0x400923b9:0x3ffb9f10 0x4008a6d7:0x3ffb9f80 0x400e19b9:0x3ffb9fb0 0x400d6fd1:0x3ffb9fe0 0x400d7280:0x3ffba1a0 0x4014f8a3:0x3ffba1d0 0x4008b22d:0x3ffba200




ELF file SHA256: 045a4a324

Rebooting...
ets Jul 29 2019 12:21:46

rst:0xc (SW_CPU_RESET),boot:0x13 (SPI_FAST_FLASH_BOOT)
configsip: 0, SPIWP:0xee
clk_drv:0x00,q_drv:0x00,d_drv:0x00,cs0_drv:0x00,hd_drv:0x00,wp_drv:0x00
mode:DIO, clock div:2
load:0x3fff0030,len:7176
load:0x40078000,len:15564
ho 0 tail 12 room 4
load:0x40080400,len:4
load:0x40080404,len:3904
entry 0x40080640
[0;32mI (31) boot: ESP-IDF v5.3.1-dirty 2nd stage bootloader[0m
[0;32mI (31) boot: compile time Nov 28 2024 18:42:47[0m
[0;32mI (31) boot: Multicore bootloader[0m
[0;32mI (36) boot: chip revision: v3.1[0m
[0;32mI (40) boot.esp32: SPI Speed      : 40MHz[0m
[0;32mI (44) boot.esp32: SPI Mode       : DIO[0m
[0;32mI (49) boot.esp32: SPI Flash Size : 2MB[0m
[0;32mI (53) boot: Enabling RNG early entropy source...[0m
[0;32mI (59) boot: Partition Table:[0m
[0;32mI (62) boot: ## Label            Usage          Type ST Offset   Length[0m
[0;32mI (70) boot:  0 nvs              WiFi data        01 02 00009000 00006000[0m
[0;32mI (77) boot:  1 phy_init         RF data          01 01 0000f000 00001000[0m
[0;32mI (85) boot:  2 factory          factory app      00 00 00010000 00100000[0m
[0;32mI (92) boot: End of partition table[0m
[0;32mI (96) esp_image: segment 0: paddr=00010020 vaddr=3f400020 size=205dch (132572) map[0m
[0;32mI (150) esp_image: segment 1: paddr=00030604 vaddr=3ffb0000 size=03ff8h ( 16376) load[0m
[0;32mI (156) esp_image: segment 2: paddr=00034604 vaddr=40080000 size=0ba14h ( 47636) load[0m
[0;32mI (175) esp_image: segment 3: paddr=00040020 vaddr=400d0020 size=81938h (530744) map[0m
[0;32mI (357) esp_image: segment 4: paddr=000c1960 vaddr=4008ba14 size=0cbc8h ( 52168) load[0m
[0;32mI (390) boot: Loaded app from partition at offset 0x10000[0m
[0;32mI (390) boot: Disabling RNG early entropy source...[0m
[0;32mI (402) cpu_start: Multicore app[0m
[0;32mI (411) cpu_start: Pro cpu start user code[0m
[0;32mI (411) cpu_start: cpu freq: 160000000 Hz[0m
[0;32mI (411) app_init: Application information:[0m
[0;32mI (414) app_init: Project name:     AirQuality[0m
[0;32mI (419) app_init: App version:      1[0m
[0;32mI (423) app_init: Compile time:     Nov 28 2024 18:42:33[0m
[0;32mI (429) app_init: ELF file SHA256:  045a4a324...[0m
[0;32mI (434) app_init: ESP-IDF:          v5.3.1-dirty[0m
[0;32mI (440) efuse_init: Min chip rev:     v0.0[0m
[0;32mI (445) efuse_init: Max chip rev:     v3.99 [0m
[0;32mI (450) efuse_init: Chip rev:         v3.1[0m
[0;32mI (455) heap_init: Initializing. RAM available for dynamic allocation:[0m
[0;32mI (462) heap_init: At 3FFAE6E0 len 00001920 (6 KiB): DRAM[0m
[0;32mI (468) heap_init: At 3FFB7ED0 len 00028130 (160 KiB): DRAM[0m
[0;32mI (474) heap_init: At 3FFE0440 len 00003AE0 (14 KiB): D/IRAM[0m
[0;32mI (480) heap_init: At 3FFE4350 len 0001BCB0 (111 KiB): D/IRAM[0m
[0;32mI (487) heap_init: At 400985DC len 00007A24 (30 KiB): IRAM[0m
[0;32mI (494) spi_flash: detected chip: generic[0m
[0;32mI (497) spi_flash: flash io: dio[0m
[0;33mW (501) spi_flash: Detected size(4096k) larger than the size in the binary image header(2048k). Using the size in the binary image header.[0m
[0;33mW (515) i2c: This driver is an old driver, please migrate your application code to adapt `driver/i2c_master.h`[0m
[0;33mW (525) ADC: legacy driver is deprecated, please migrate to `esp_adc/adc_oneshot.h`[0m
[0;32mI (534) main_task: Started on CPU0[0m
[0;32mI (544) main_task: Calling app_main()[0m
[0;32mI (564) Smoke Sensor: ESP_WIFI_MODE_STA[0m
[0;32mI (564) Smoke Sensor: Initializing Wi-Fi in STA mode...[0m
ESP_ERROR_CHECK failed: esp_err_t 0x103 (ESP_ERR_INVALID_STATE) at 0x400e19b9
file: "/IDF/components/esp_wifi/src/wifi_default.c" line 390
func: esp_netif_create_default_wifi_sta
expression: esp_wifi_set_default_wifi_sta_handlers()

abort() was called at PC 0x4008a6d7 on core 0


Backtrace: 0x40081b52:0x3ffb9ed0 0x4008a6e1:0x3ffb9ef0 0x400923b9:0x3ffb9f10 0x4008a6d7:0x3ffb9f80 0x400e19b9:0x3ffb9fb0 0x400d6fd1:0x3ffb9fe0 0x400d7280:0x3ffba1a0 0x4014f8a3:0x3ffba1d0 0x4008b22d:0x3ffba200




ELF file SHA256: 045a4a324

Rebooting...
ets Jul 29 2019 12:21:46

rst:0xc (SW_CPU_RESET),boot:0x13 (SPI_FAST_FLASH_BOOT)
configsip: 0, SPIWP:0xee
clk_drv:0x00,q_drv:0x00,d_drv:0x00,cs0_drv:0x00,hd_drv:0x00,wp_drv:0x00
mode:DIO, clock div:2
load:0x3fff0030,len:7176
load:0x40078000,len:15564
ho 0 tail 12 room 4
load:0x40080400,len:4
load:0x40080404,len:3904
entry 0x40080640
[0;32mI (31) boot: ESP-IDF v5.3.1-dirty 2nd stage bootloader[0m
[0;32mI (31) boot: compile time Nov 28 2024 18:42:47[0m
[0;32mI (31) boot: Multicore bootloader[0m
[0;32mI (36) boot: chip revision: v3.1[0m
[0;32mI (40) boot.esp32: SPI Speed      : 40MHz[0m
[0;32mI (44) boot.esp32: SPI Mode       : DIO[0m
[0;32mI (49) boot.esp32: SPI Flash Size : 2MB[0m
[0;32mI (53) boot: Enabling RNG early entropy source...[0m
[0;32mI (59) boot: Partition Table:[0m
[0;32mI (62) boot: ## Label            Usage          Type ST Offset   Length[0m
[0;32mI (70) boot:  0 nvs              WiFi data        01 02 00009000 00006000[0m
[0;32mI (77) boot:  1 phy_init         RF data          01 01 0000f000 00001000[0m
[0;32mI (85) boot:  2 factory          factory app      00 00 00010000 00100000[0m
[0;32mI (92) boot: End of partition table[0m
[0;32mI (96) esp_image: segment 0: paddr=00010020 vaddr=3f400020 size=205dch (132572) map[0m
[0;32mI (150) esp_image: segment 1: paddr=00030604 vaddr=3ffb0000 size=03ff8h ( 16376) load[0m
[0;32mI (156) esp_image: segment 2: paddr=00034604 vaddr=40080000 size=0ba14h ( 47636) load[0m
[0;32mI (175) esp_image: segment 3: paddr=00040020 vaddr=400d0020 size=81938h (530744) map[0m
[0;32mI (357) esp_image: segment 4: paddr=000c1960 vaddr=4008ba14 size=0cbc8h ( 52168) load[0m
[0;32mI (390) boot: Loaded app from partition at offset 0x10000[0m
[0;32mI (390) boot: Disabling RNG early entropy source...[0m
[0;32mI (402) cpu_start: Multicore app[0m
[0;32mI (411) cpu_start: Pro cpu start user code[0m
[0;32mI (411) cpu_start: cpu freq: 160000000 Hz[0m
[0;32mI (411) app_init: Application information:[0m
[0;32mI (414) app_init: Project name:     AirQuality[0m
[0;32mI (419) app_init: App version:      1[0m
[0;32mI (423) app_init: Compile time:     Nov 28 2024 18:42:33[0m
[0;32mI (429) app_init: ELF file SHA256:  045a4a324...[0m
[0;32mI (434) app_init: ESP-IDF:          v5.3.1-dirty[0m
[0;32mI (440) efuse_init: Min chip rev:     v0.0[0m
[0;32mI (445) efuse_init: Max chip rev:     v3.99 [0m
[0;32mI (450) efuse_init: Chip rev:         v3.1[0m
[0;32mI (455) heap_init: Initializing. RAM available for dynamic allocation:[0m
[0;32mI (462) heap_init: At 3FFAE6E0 len 00001920 (6 KiB): DRAM[0m
[0;32mI (468) heap_init: At 3FFB7ED0 len 00028130 (160 KiB): DRAM[0m
[0;32mI (474) heap_init: At 3FFE0440 len 00003AE0 (14 KiB): D/IRAM[0m
[0;32mI (480) heap_init: At 3FFE4350 len 0001BCB0 (111 KiB): D/IRAM[0m
[0;32mI (487) heap_init: At 400985DC len 00007A24 (30 KiB): IRAM[0m
[0;32mI (494) spi_flash: detected chip: generic[0m
[0;32mI (497) spi_flash: flash io: dio[0m
[0;33mW (501) spi_flash: Detected size(4096k) larger than the size in the binary image header(2048k). Using the size in the binary image header.[0m
[0;33mW (515) i2c: This driver is an old driver, please migrate your application code to adapt `driver/i2c_master.h`[0m
[0;33mW (525) ADC: legacy driver is deprecated, please migrate to `esp_adc/adc_oneshot.h`[0m
[0;32mI (534) main_task: Started on CPU0[0m
[0;32mI (544) main_task: Calling app_main()[0m
[0;32mI (564) Smoke Sensor: ESP_WIFI_MODE_STA[0m
[0;32mI (564) Smoke Sensor: Initializing Wi-Fi in STA mode...[0m
ESP_ERROR_CHECK failed: esp_err_t 0x103 (ESP_ERR_INVALID_STATE) at 0x400e19b9
file: "/IDF/components/esp_wifi/src/wifi_default.c" line 390
func: esp_netif_create_default_wifi_sta
expression: esp_wifi_set_default_wifi_sta_handlers()

abort() was called at PC 0x4008a6d7 on core 0


Backtrace: 0x40081b52:0x3ffb9ed0 0x4008a6e1:0x3ffb9ef0 0x400923b9:0x3ffb9f10 0x4008a6d7:0x3ffb9f80 0x400e19b9:0x3ffb9fb0 0x400d6fd1:0x3ffb9fe0 0x400d7280:0x3ffba1a0 0x4014f8a3:0x3ffba1d0 0x4008b22d:0x3ffba200




ELF file SHA256: 045a4a324

Rebooting...
ets Jul 29 2019 12:21:46

rst:0xc (SW_CPU_RESET),boot:0x13 (SPI_FAST_FLASH_BOOT)
configsip: 0, SPIWP:0xee
clk_drv:0x00,q_drv:0x00,d_drv:0x00,cs0_drv:0x00,hd_drv:0x00,wp_drv:0x00
mode:DIO, clock div:2
load:0x3fff0030,len:7176
load:0x40078000,len:15564
ho 0 tail 12 room 4
load:0x40080400,len:4
load:0x40080404,len:3904
entry 0x40080640
[0;32mI (31) boot: ESP-IDF v5.3.1-dirty 2nd stage bootloader[0m
[0;32mI (31) boot: compile time Nov 28 2024 18:42:47[0m
[0;32mI (31) boot: Multicore bootloader[0m
[0;32mI (36) boot: chip revision: v3.1[0m
[0;32mI (40) boot.esp32: SPI Speed      : 40MHz[0m
[0;32mI (44) boot.esp32: SPI Mode       : DIO[0m
[0;32mI (49) boot.esp32: SPI Flash Size : 2MB[0m
[0;32mI (53) boot: Enabling RNG early entropy source...[0m
[0;32mI (59) boot: Partition Table:[0m
[0;32mI (62) boot: ## Label            Usage          Type ST Offset   Length[0m
[0;32mI (70) boot:  0 nvs              WiFi data        01 02 00009000 00006000[0m
[0;32mI (77) boot:  1 phy_init         RF data          01 01 0000f000 00001000[0m
[0;32mI (85) boot:  2 factory          factory app      00 00 00010000 00100000[0m
[0;32mI (92) boot: End of partition table[0m
[0;32mI (96) esp_image: segment 0: paddr=00010020 vaddr=3f400020 size=205dch (132572) map[0m
[0;32mI (150) esp_image: segment 1: paddr=00030604 vaddr=3ffb0000 size=03ff8h ( 16376) load[0m
[0;32mI (156) esp_image: segment 2: paddr=00034604 vaddr=40080000 size=0ba14h ( 47636) load[0m
[0;32mI (175) esp_image: segment 3: paddr=00040020 vaddr=400d0020 size=81938h (530744) map[0m
[0;32mI (357) esp_image: segment 4: paddr=000c1960 vaddr=4008ba14 size=0cbc8h ( 52168) load[0m
[0;32mI (390) boot: Loaded app from partition at offset 0x10000[0m
[0;32mI (390) boot: Disabling RNG early entropy source...[0m
[0;32mI (402) cpu_start: Multicore app[0m
[0;32mI (411) cpu_start: Pro cpu start user code[0m
[0;32mI (411) cpu_start: cpu freq: 160000000 Hz[0m
[0;32mI (411) app_init: Application information:[0m
[0;32mI (414) app_init: Project name:     AirQuality[0m
[0;32mI (419) app_init: App version:      1[0m
[0;32mI (423) app_init: Compile time:     Nov 28 2024 18:42:33[0m
[0;32mI (429) app_init: ELF file SHA256:  045a4a324...[0m
[0;32mI (434) app_init: ESP-IDF:          v5.3.1-dirty[0m
[0;32mI (440) efuse_init: Min chip rev:     v0.0[0m
[0;32mI (445) efuse_init: Max chip rev:     v3.99 [0m
[0;32mI (450) efuse_init: Chip rev:         v3.1[0m
[0;32mI (455) heap_init: Initializing. RAM available for dynamic allocation:[0m
[0;32mI (462) heap_init: At 3FFAE6E0 len 00001920 (6 KiB): DRAM[0m
[0;32mI (468) heap_init: At 3FFB7ED0 len 00028130 (160 KiB): DRAM[0m
[0;32mI (474) heap_init: At 3FFE0440 len 00003AE0 (14 KiB): D/IRAM[0m
[0;32mI (480) heap_init: At 3FFE4350 len 0001BCB0 (111 KiB): D/IRAM[0m
[0;32mI (487) heap_init: At 400985DC len 00007A24 (30 KiB): IRAM[0m
[0;32mI (494) spi_flash: detected chip: generic[0m
[0;32mI (497) spi_flash: flash io: dio[0m
[0;33mW (501) spi_flash: Detected size(4096k) larger than the size in the binary image header(2048k). Using the size in the binary image header.[0m
[0;33mW (515) i2c: This driver is an old driver, please migrate your application code to adapt `driver/i2c_master.h`[0m
[0;33mW (525) ADC: legacy driver is deprecated, please migrate to `esp_adc/adc_oneshot.h`[0m
[0;32mI (534) main_task: Started on CPU0[0m
[0;32mI (544) main_task: Calling app_main()[0m
[0;32mI (564) Smoke Sensor: ESP_WIFI_MODE_STA[0m
[0;32mI (564) Smoke Sensor: Initializing Wi-Fi in STA mode...[0m
ESP_ERROR_CHECK failed: esp_err_t 0x103 (ESP_ERR_INVALID_STATE) at 0x400e19b9
file: "/IDF/components/esp_wifi/src/wifi_default.c" line 390
func: esp_netif_create_default_wifi_sta
expression: esp_wifi_set_default_wifi_sta_handlers()

abort() was called at PC 0x4008a6d7 on core 0


Backtrace: 0x40081b52:0x3ffb9ed0 0x4008a6e1:0x3ffb9ef0 0x400923b9:0x3ffb9f10 0x4008a6d7:0x3ffb9f80 0x400e19b9:0x3ffb9fb0 0x400d6fd1:0x3ffb9fe0 0x400d7280:0x3ffba1a0 0x4014f8a3:0x3ffba1d0 0x4008b22d:0x3ffba200




ELF file SHA256: 045a4a324

Rebooting...
ets Jul 29 2019 12:21:46

rst:0xc (SW_CPU_RESET),boot:0x13 (SPI_FAST_FLASH_BOOT)
configsip: 0, SPIWP:0xee
clk_drv:0x00,q_drv:0x00,d_drv:0x00,cs0_drv:0x00,hd_drv:0x00,wp_drv:0x00
mode:DIO, clock div:2
load:0x3fff0030,len:7176
load:0x40078000,len:15564
ho 0 tail 12 room 4
load:0x40080400,len:4
load:0x40080404,len:3904
entry 0x40080640
[0;32mI (31) boot: ESP-IDF v5.3.1-dirty 2nd stage bootloader[0m
[0;32mI (31) boot: compile time Nov 28 2024 18:42:47[0m
[0;32mI (31) boot: Multicore bootloader[0m
[0;32mI (36) boot: chip revision: v3.1[0m
[0;32mI (40) boot.esp32: SPI Speed      : 40MHz[0m
[0;32mI (44) boot.esp32: SPI Mode       : DIO[0m
[0;32mI (49) boot.esp32: SPI Flash Size : 2MB[0m
[0;32mI (53) boot: Enabling RNG early entropy source...[0m
[0;32mI (59) boot: Partition Table:[0m
[0;32mI (62) boot: ## Label            Usage          Type ST Offset   Length[0m
[0;32mI (70) boot:  0 nvs              WiFi data        01 02 00009000 00006000[0m
[0;32mI (77) boot:  1 phy_init         RF data          01 01 0000f000 00001000[0m
[0;32mI (85) boot:  2 factory          factory app      00 00 00010000 00100000[0m
[0;32mI (92) boot: End of partition table[0m
[0;32mI (96) esp_image: segment 0: paddr=00010020 vaddr=3f400020 size=205dch (132572) map[0m
[0;32mI (150) esp_image: segment 1: paddr=00030604 vaddr=3ffb0000 size=03ff8h ( 16376) load[0m
[0;32mI (156) esp_image: segment 2: paddr=00034604 vaddr=40080000 size=0ba14h ( 47636) load[0m
[0;32mI (175) esp_image: segment 3: paddr=00040020 vaddr=400d0020 size=81938h (530744) map[0m
[0;32mI (357) esp_image: segment 4: paddr=000c1960 vaddr=4008ba14 size=0cbc8h ( 52168) load[0m
[0;32mI (390) boot: Loaded app from partition at offset 0x10000[0m
[0;32mI (390) boot: Disabling RNG early entropy source...[0m
[0;32mI (402) cpu_start: Multicore app[0m
[0;32mI (411) cpu_start: Pro cpu start user code[0m
[0;32mI (411) cpu_start: cpu freq: 160000000 Hz[0m
[0;32mI (411) app_init: Application information:[0m
[0;32mI (414) app_init: Project name:     AirQuality[0m
[0;32mI (419) app_init: App version:      1[0m
[0;32mI (423) app_init: Compile time:     Nov 28 2024 18:42:33[0m
[0;32mI (429) app_init: ELF file SHA256:  045a4a324...[0m
[0;32mI (434) app_init: ESP-IDF:          v5.3.1-dirty[0m
[0;32mI (440) efuse_init: Min chip rev:     v0.0[0m
[0;32mI (445) efuse_init: Max chip rev:     v3.99 [0m
[0;32mI (450) efuse_init: Chip rev:         v3.1[0m
[0;32mI (455) heap_init: Initializing. RAM available for dynamic allocation:[0m
[0;32mI (462) heap_init: At 3FFAE6E0 len 00001920 (6 KiB): DRAM[0m
[0;32mI (468) heap_init: At 3FFB7ED0 len 00028130 (160 KiB): DRAM[0m
[0;32mI (474) heap_init: At 3FFE0440 len 00003AE0 (14 KiB): D/IRAM[0m
[0;32mI (480) heap_init: At 3FFE4350 len 0001BCB0 (111 KiB): D/IRAM[0m
[0;32mI (487) heap_init: At 400985DC len 00007A24 (30 KiB): IRAM[0m
[0;32mI (494) spi_flash: detected chip: generic[0m
[0;32mI (497) spi_flash: flash io: dio[0m
[0;33mW (501) spi_flash: Detected size(4096k) larger than the size in the binary image header(2048k). Using the size in the binary image header.[0m
[0;33mW (515) i2c: This driver is an old driver, please migrate your application code to adapt `driver/i2c_master.h`[0m
[0;33mW (525) ADC: legacy driver is deprecated, please migrate to `esp_adc/adc_oneshot.h`[0m
[0;32mI (534) main_task: Started on CPU0[0m
[0;32mI (544) main_task: Calling app_main()[0m
[0;32mI (564) Smoke Sensor: ESP_WIFI_MODE_STA[0m
[0;32mI (564) Smoke Sensor: Initializing Wi-Fi in STA mode...[0m
ESP_ERROR_CHECK failed: esp_err_t 0x103 (ESP_ERR_INVALID_STATE) at 0x400e19b9
file: "/IDF/components/esp_wifi/src/wifi_default.c" line 390
func: esp_netif_create_default_wifi_sta
expression: esp_wifi_set_default_wifi_sta_handlers()

abort() was called at PC 0x4008a6d7 on core 0


Backtrace: 0x40081b52:0x3ffb9ed0 0x4008a6e1:0x3ffb9ef0 0x400923b9:0x3ffb9f10 0x4008a6d7:0x3ffb9f80 0x400e19b9:0x3ffb9fb0 0x400d6fd1:0x3ffb9fe0 0x400d7280:0x3ffba1a0 0x4014f8a3:0x3ffba1d0 0x4008b22d:0x3ffba200




ELF file SHA256: 045a4a324

Rebooting...
ets Jul 29 2019 12:21:46

rst:0xc (SW_CPU_RESET),boot:0x13 (SPI_FAST_FLASH_BOOT)
configsip: 0, SPIWP:0xee
clk_drv:0x00,q_drv:0x00,d_drv:0x00,cs0_drv:0x00,hd_drv:0x00,wp_drv:0x00
mode:DIO, clock div:2
load:0x3fff0030,len:7176
load:0x40078000,len:15564
ho 0 tail 12 room 4
load:0x40080400,len:4
load:0x40080404,len:3904
entry 0x40080640
[0;32mI (31) boot: ESP-IDF v5.3.1-dirty 2nd stage bootloader[0m
[0;32mI (31) boot: compile time Nov 28 2024 18:42:47[0m
[0;32mI (31) boot: Multicore bootloader[0m
[0;32mI (36) boot: chip revision: v3.1[0m
[0;32mI (40) boot.esp32: SPI Speed      : 40MHz[0m
[0;32mI (44) boot.esp32: SPI Mode       : DIO[0m
[0;32mI (49) boot.esp32: SPI Flash Size : 2MB[0m
[0;32mI (53) boot: Enabling RNG early entropy source...[0m
[0;32mI (59) boot: Partition Table:[0m
[0;32mI (62) boot: ## Label            Usage          Type ST Offset   Length[0m
[0;32mI (70) boot:  0 nvs              WiFi data        01 02 00009000 00006000[0m
[0;32mI (77) boot:  1 phy_init         RF data          01 01 0000f000 00001000[0m
[0;32mI (85) boot:  2 factory          factory app      00 00 00010000 00100000[0m
[0;32mI (92) boot: End of partition table[0m
[0;32mI (96) esp_image: segment 0: paddr=00010020 vaddr=3f400020 size=205dch (132572) map[0m
[0;32mI (150) esp_image: segment 1: paddr=00030604 vaddr=3ffb0000 size=03ff8h ( 16376) load[0m
[0;32mI (156) esp_image: segment 2: paddr=00034604 vaddr=40080000 size=0ba14h ( 47636) load[0m
[0;32mI (175) esp_image: segment 3: paddr=00040020 vaddr=400d0020 size=81938h (530744) map[0m
[0;32mI (357) esp_image: segment 4: paddr=000c1960 vaddr=4008ba14 size=0cbc8h ( 52168) load[0m
[0;32mI (390) boot: Loaded app from partition at offset 0x10000[0m
[0;32mI (390) boot: Disabling RNG early entropy source...[0m
[0;32mI (402) cpu_start: Multicore app[0m
[0;32mI (411) cpu_start: Pro cpu start user code[0m
[0;32mI (411) cpu_start: cpu freq: 160000000 Hz[0m
[0;32mI (411) app_init: Application information:[0m
[0;32mI (414) app_init: Project name:     AirQuality[0m
[0;32mI (419) app_init: App version:      1[0m
[0;32mI (423) app_init: Compile time:     Nov 28 2024 18:42:33[0m
[0;32mI (429) app_init: ELF file SHA256:  045a4a324...[0m
[0;32mI (434) app_init: ESP-IDF:          v5.3.1-dirty[0m
[0;32mI (440) efuse_init: Min chip rev:     v0.0[0m
[0;32mI (445) efuse_init: Max chip rev:     v3.99 [0m
[0;32mI (449) efuse_init: Chip rev:         v3.1[0m
[0;32mI (455) heap_init: Initializing. RAM available for dynamic allocation:[0m
[0;32mI (462) heap_init: At 3FFAE6E0 len 00001920 (6 KiB): DRAM[0m
[0;32mI (468) heap_init: At 3FFB7ED0 len 00028130 (160 KiB): DRAM[0m
[0;32mI (474) heap_init: At 3FFE0440 len 00003AE0 (14 KiB): D/IRAM[0m
[0;32mI (480) heap_init: At 3FFE4350 len 0001BCB0 (111 KiB): D/IRAM[0m
[0;32mI (487) heap_init: At 400985DC len 00007A24 (30 KiB): IRAM[0m
[0;32mI (494) spi_flash: detected chip: generic[0m
[0;32mI (497) spi_flash: flash io: dio[0m
[0;33mW (501) spi_flash: Detected size(4096k) larger than the size in the binary image header(2048k). Using the size in the binary image header.[0m
[0;33mW (515) i2c: This driver is an old driver, please migrate your application code to adapt `driver/i2c_master.h`[0m
[0;33mW (525) ADC: legacy driver is deprecated, please migrate to `esp_adc/adc_oneshot.h`[0m
[0;32mI (534) main_task: Started on CPU0[0m
[0;32mI (544) main_task: Calling app_main()[0m
[0;32mI (564) Smoke Sensor: ESP_WIFI_MODE_STA[0m
[0;32mI (564) Smoke Sensor: Initializing Wi-Fi in STA mode...[0m
ESP_ERROR_CHECK failed: esp_err_t 0x103 (ESP_ERR_INVALID_STATE) at 0x400e19b9
file: "/IDF/components/esp_wifi/src/wifi_default.c" line 390
func: esp_netif_create_default_wifi_sta
expression: esp_wifi_set_default_wifi_sta_handlers()

abort() was called at PC 0x4008a6d7 on core 0


Backtrace: 0x40081b52:0x3ffb9ed0 0x4008a6e1:0x3ffb9ef0 0x400923b9:0x3ffb9f10 0x4008a6d7:0x3ffb9f80 0x400e19b9:0x3ffb9fb0 0x400d6fd1:0x3ffb9fe0 0x400d7280:0x3ffba1a0 0x4014f8a3:0x3ffba1d0 0x4008b22d:0x3ffba200




ELF file SHA256: 045a4a324

Rebooting...
ets Jul 29 2019 12:21:46

rst:0xc (SW_CPU_RESET),boot:0x13 (SPI_FAST_FLASH_BOOT)
configsip: 0, SPIWP:0xee
clk_drv:0x00,q_drv:0x00,d_drv:0x00,cs0_drv:0x00,hd_drv:0x00,wp_drv:0x00
mode:DIO, clock div:2
load:0x3fff0030,len:7176
load:0x40078000,len:15564
ho 0 tail 12 room 4
load:0x40080400,len:4
load:0x40080404,len:3904
entry 0x40080640
[0;32mI (31) boot: ESP-IDF v5.3.1-dirty 2nd stage bootloader[0m
[0;32mI (31) boot: compile time Nov 28 2024 18:42:47[0m
[0;32mI (31) boot: Multicore bootloader[0m
[0;32mI (36) boot: chip revision: v3.1[0m
[0;32mI (40) boot.esp32: SPI Speed      : 40MHz[0m
[0;32mI (44) boot.esp32: SPI Mode       : DIO[0m
[0;32mI (49) boot.esp32: SPI Flash Size : 2MB[0m
[0;32mI (53) boot: Enabling RNG early entropy source...[0m
[0;32mI (59) boot: Partition Table:[0m
[0;32mI (62) boot: ## Label            Usage          Type ST Offset   Length[0m
[0;32mI (70) boot:  0 nvs              WiFi data        01 02 00009000 00006000[0m
[0;32mI (77) boot:  1 phy_init         RF data          01 01 0000f000 00001000[0m
[0;32mI (85) boot:  2 factory          factory app      00 00 00010000 00100000[0m
[0;32mI (92) boot: End of partition table[0m
[0;32mI (96) esp_image: segment 0: paddr=00010020 vaddr=3f400020 size=205dch (132572) map[0m
[0;32mI (150) esp_image: segment 1: paddr=00030604 vaddr=3ffb0000 size=03ff8h ( 16376) load[0m
[0;32mI (156) esp_image: segment 2: paddr=00034604 vaddr=40080000 size=0ba14h ( 47636) load[0m
[0;32mI (175) esp_image: segment 3: paddr=00040020 vaddr=400d0020 size=81938h (530744) map[0m
[0;32mI (357) esp_image: segment 4: paddr=000c1960 vaddr=4008ba14 size=0cbc8h ( 52168) load[0m
[0;32mI (390) boot: Loaded app from partition at offset 0x10000[0m
[0;32mI (390) boot: Disabling RNG early entropy source...[0m
[0;32mI (402) cpu_start: Multicore app[0m
[0;32mI (411) cpu_start: Pro cpu start user code[0m
[0;32mI (411) cpu_start: cpu freq: 160000000 Hz[0m
[0;32mI (411) app_init: Application information:[0m
[0;32mI (414) app_init: Project name:     AirQuality[0m
[0;32mI (419) app_init: App version:      1[0m
[0;32mI (423) app_init: Compile time:     Nov 28 2024 18:42:33[0m
[0;32mI (429) app_init: ELF file SHA256:  045a4a324...[0m
[0;32mI (434) app_init: ESP-IDF:          v5.3.1-dirty[0m
[0;32mI (440) efuse_init: Min chip rev:     v0.0[0m
[0;32mI (445) efuse_init: Max chip rev:     v3.99 [0m
[0;32mI (450) efuse_init: Chip rev:         v3.1[0m
[0;32mI (455) heap_init: Initializing. RAM available for dynamic allocation:[0m
[0;32mI (462) heap_init: At 3FFAE6E0 len 00001920 (6 KiB): DRAM[0m
[0;32mI (468) heap_init: At 3FFB7ED0 len 00028130 (160 KiB): DRAM[0m
[0;32mI (474) heap_init: At 3FFE0440 len 00003AE0 (14 KiB): D/IRAM[0m
[0;32mI (480) heap_init: At 3FFE4350 len 0001BCB0 (111 KiB): D/IRAM[0m
[0;32mI (487) heap_init: At 400985DC len 00007A24 (30 KiB): IRAM[0m
[0;32mI (494) spi_flash: detected chip: generic[0m
[0;32mI (497) spi_flash: flash io: dio[0m
[0;33mW (501) spi_flash: Detected size(4096k) larger than the size in the binary image header(2048k). Using the size in the binary image header.[0m
[0;33mW (515) i2c: This driver is an old driver, please migrate your application code to adapt `driver/i2c_master.h`[0m
[0;33mW (525) ADC: legacy driver is deprecated, please migrate to `esp_adc/adc_oneshot.h`[0m
[0;32mI (534) main_task: Started on CPU0[0m
[0;32mI (544) main_task: Calling app_main()[0m
[0;32mI (564) Smoke Sensor: ESP_WIFI_MODE_STA[0m
[0;32mI (564) Smoke Sensor: Initializing Wi-Fi in STA mode...[0m
ESP_ERROR_CHECK failed: esp_err_t 0x103 (ESP_ERR_INVALID_STATE) at 0x400e19b9
file: "/IDF/components/esp_wifi/src/wifi_default.c" line 390
func: esp_netif_create_default_wifi_sta
expression: esp_wifi_set_default_wifi_sta_handlers()

abort() was called at PC 0x4008a6d7 on core 0


Backtrace: 0x40081b52:0x3ffb9ed0 0x4008a6e1:0x3ffb9ef0 0x400923b9:0x3ffb9f10 0x4008a6d7:0x3ffb9f80 0x400e19b9:0x3ffb9fb0 0x400d6fd1:0x3ffb9fe0 0x400d7280:0x3ffba1a0 0x4014f8a3:0x3ffba1d0 0x4008b22d:0x3ffba200




ELF file SHA256: 045a4a324

Rebooting...
ets Jul 29 2019 12:21:46

rst:0xc (SW_CPU_RESET),boot:0x13 (SPI_FAST_FLASH_BOOT)
configsip: 0, SPIWP:0xee
clk_drv:0x00,q_drv:0x00,d_drv:0x00,cs0_drv:0x00,hd_drv:0x00,wp_drv:0x00
mode:DIO, clock div:2
load:0x3fff0030,len:7176
load:0x40078000,len:15564
ho 0 tail 12 room 4
load:0x40080400,len:4
load:0x40080404,len:3904
entry 0x40080640
[0;32mI (31) boot: ESP-IDF v5.3.1-dirty 2nd stage bootloader[0m
[0;32mI (31) boot: compile time Nov 28 2024 18:42:47[0m
[0;32mI (31) boot: Multicore bootloader[0m
[0;32mI (36) boot: chip revision: v3.1[0m
[0;32mI (40) boot.esp32: SPI Speed      : 40MHz[0m
[0;32mI (44) boot.esp32: SPI Mode       : DIO[0m
[0;32mI (49) boot.esp32: SPI Flash Size : 2MB[0m
[0;32mI (53) boot: Enabling RNG early entropy source...[0m
[0;32mI (59) boot: Partition Table:[0m
[0;32mI (62) boot: ## Label            Usage          Type ST Offset   Length[0m
[0;32mI (70) boot:  0 nvs              WiFi data        01 02 00009000 00006000[0m
[0;32mI (77) boot:  1 phy_init         RF data          01 01 0000f000 00001000[0m
